Component: ARM Compiler 5.06 update 3 (build 300) Tool: armlink [4d35c9]

==============================================================================

Section Cross References

    .\obj\startup_stm32f767xx.o(RESET) refers to .\obj\startup_stm32f767xx.o(STACK) for __initial_sp
    .\obj\startup_stm32f767xx.o(RESET) refers to .\obj\startup_stm32f767xx.o(.text) for Reset_Handler
    .\obj\startup_stm32f767xx.o(RESET) refers to .\obj\stm32f7xx_it.o(i.NMI_Handler) for NMI_Handler
    .\obj\startup_stm32f767xx.o(RESET) refers to .\obj\stm32f7xx_it.o(i.HardFault_Handler) for HardFault_Handler
    .\obj\startup_stm32f767xx.o(RESET) refers to .\obj\stm32f7xx_it.o(i.MemManage_Handler) for MemManage_Handler
    .\obj\startup_stm32f767xx.o(RESET) refers to .\obj\stm32f7xx_it.o(i.BusFault_Handler) for BusFault_Handler
    .\obj\startup_stm32f767xx.o(RESET) refers to .\obj\stm32f7xx_it.o(i.UsageFault_Handler) for UsageFault_Handler
    .\obj\startup_stm32f767xx.o(RESET) refers to .\obj\stm32f7xx_it.o(i.SVC_Handler) for SVC_Handler
    .\obj\startup_stm32f767xx.o(RESET) refers to .\obj\stm32f7xx_it.o(i.DebugMon_Handler) for DebugMon_Handler
    .\obj\startup_stm32f767xx.o(RESET) refers to .\obj\stm32f7xx_it.o(i.PendSV_Handler) for PendSV_Handler
    .\obj\startup_stm32f767xx.o(RESET) refers to .\obj\stm32f7xx_it.o(i.SysTick_Handler) for SysTick_Handler
    .\obj\startup_stm32f767xx.o(.text) refers to .\obj\system_stm32f7xx.o(i.SystemInit) for SystemInit
    .\obj\startup_stm32f767xx.o(.text) refers to C:\Keil_v5\ARM\ARMCC\Bin\..\lib\armlib\mc_w.l(entry.o)(.ARM.Collect$$$$00000000) for __main
    .\obj\stm32f7xx_hal.o(i.HAL_DeInit) refers to .\obj\stm32f7xx_hal_msp.o(i.HAL_MspDeInit) for HAL_MspDeInit
    .\obj\stm32f7xx_hal.o(i.HAL_Delay) refers to .\obj\stm32f7xx_hal.o(i.HAL_GetTick) for HAL_GetTick
    .\obj\stm32f7xx_hal.o(i.HAL_GetTick) refers to .\obj\stm32f7xx_hal.o(.data) for uwTick
    .\obj\stm32f7xx_hal.o(i.HAL_IncTick) refers to .\obj\stm32f7xx_hal.o(.data) for uwTick
    .\obj\stm32f7xx_hal.o(i.HAL_Init) refers to .\obj\stm32f7xx_hal_cortex.o(i.HAL_NVIC_SetPriorityGrouping) for HAL_NVIC_SetPriorityGrouping
    .\obj\stm32f7xx_hal.o(i.HAL_Init) refers to .\obj\stm32f7xx_hal.o(i.HAL_InitTick) for HAL_InitTick
    .\obj\stm32f7xx_hal.o(i.HAL_Init) refers to .\obj\stm32f7xx_hal_msp.o(i.HAL_MspInit) for HAL_MspInit
    .\obj\stm32f7xx_hal.o(i.HAL_InitTick) refers to .\obj\stm32f7xx_hal_cortex.o(i.HAL_SYSTICK_Config) for HAL_SYSTICK_Config
    .\obj\stm32f7xx_hal.o(i.HAL_InitTick) refers to .\obj\stm32f7xx_hal_cortex.o(i.HAL_NVIC_SetPriority) for HAL_NVIC_SetPriority
    .\obj\stm32f7xx_hal.o(i.HAL_InitTick) refers to .\obj\system_stm32f7xx.o(.data) for SystemCoreClock
    .\obj\stm32f7xx_hal_adc.o(i.ADC_DMAConvCplt) refers to .\obj\stm32f7xx_hal_adc.o(i.HAL_ADC_ConvCpltCallback) for HAL_ADC_ConvCpltCallback
    .\obj\stm32f7xx_hal_adc.o(i.ADC_DMAError) refers to .\obj\stm32f7xx_hal_adc.o(i.HAL_ADC_ErrorCallback) for HAL_ADC_ErrorCallback
    .\obj\stm32f7xx_hal_adc.o(i.ADC_DMAHalfConvCplt) refers to .\obj\stm32f7xx_hal_adc.o(i.HAL_ADC_ConvHalfCpltCallback) for HAL_ADC_ConvHalfCpltCallback
    .\obj\stm32f7xx_hal_adc.o(i.HAL_ADC_ConfigChannel) refers to .\obj\system_stm32f7xx.o(.data) for SystemCoreClock
    .\obj\stm32f7xx_hal_adc.o(i.HAL_ADC_DeInit) refers to .\obj\stm32f7xx_hal_adc.o(i.HAL_ADC_MspDeInit) for HAL_ADC_MspDeInit
    .\obj\stm32f7xx_hal_adc.o(i.HAL_ADC_IRQHandler) refers to .\obj\stm32f7xx_hal_adc.o(i.HAL_ADC_ConvCpltCallback) for HAL_ADC_ConvCpltCallback
    .\obj\stm32f7xx_hal_adc.o(i.HAL_ADC_IRQHandler) refers to .\obj\stm32f7xx_hal_adc_ex.o(i.HAL_ADCEx_InjectedConvCpltCallback) for HAL_ADCEx_InjectedConvCpltCallback
    .\obj\stm32f7xx_hal_adc.o(i.HAL_ADC_IRQHandler) refers to .\obj\stm32f7xx_hal_adc.o(i.HAL_ADC_LevelOutOfWindowCallback) for HAL_ADC_LevelOutOfWindowCallback
    .\obj\stm32f7xx_hal_adc.o(i.HAL_ADC_IRQHandler) refers to .\obj\stm32f7xx_hal_adc.o(i.HAL_ADC_ErrorCallback) for HAL_ADC_ErrorCallback
    .\obj\stm32f7xx_hal_adc.o(i.HAL_ADC_Init) refers to .\obj\stm32f7xx_hal_adc.o(i.HAL_ADC_MspInit) for HAL_ADC_MspInit
    .\obj\stm32f7xx_hal_adc.o(i.HAL_ADC_Init) refers to .\obj\stm32f7xx_hal_adc.o(i.ADC_Init) for ADC_Init
    .\obj\stm32f7xx_hal_adc.o(i.HAL_ADC_PollForConversion) refers to .\obj\stm32f7xx_hal.o(i.HAL_GetTick) for HAL_GetTick
    .\obj\stm32f7xx_hal_adc.o(i.HAL_ADC_PollForEvent) refers to .\obj\stm32f7xx_hal.o(i.HAL_GetTick) for HAL_GetTick
    .\obj\stm32f7xx_hal_adc.o(i.HAL_ADC_Start) refers to .\obj\system_stm32f7xx.o(.data) for SystemCoreClock
    .\obj\stm32f7xx_hal_adc.o(i.HAL_ADC_Start_DMA) refers to .\obj\stm32f7xx_hal_dma.o(i.HAL_DMA_Start_IT) for HAL_DMA_Start_IT
    .\obj\stm32f7xx_hal_adc.o(i.HAL_ADC_Start_DMA) refers to .\obj\system_stm32f7xx.o(.data) for SystemCoreClock
    .\obj\stm32f7xx_hal_adc.o(i.HAL_ADC_Start_DMA) refers to .\obj\stm32f7xx_hal_adc.o(i.ADC_DMAConvCplt) for ADC_DMAConvCplt
[...]
    Removing .\obj\stm32f7xx_hal_sram.o(i.HAL_SRAM_Init), (88 bytes).
    Removing .\obj\stm32f7xx_hal_sram.o(i.HAL_SRAM_MspDeInit), (2 bytes).
    Removing .\obj\stm32f7xx_hal_sram.o(i.HAL_SRAM_MspInit), (2 bytes).
    Removing .\obj\stm32f7xx_hal_sram.o(i.HAL_SRAM_Read_16b), (70 bytes).
    Removing .\obj\stm32f7xx_hal_sram.o(i.HAL_SRAM_Read_32b), (68 bytes).
    Removing .\obj\stm32f7xx_hal_sram.o(i.HAL_SRAM_Read_8b), (70 bytes).
    Removing .\obj\stm32f7xx_hal_sram.o(i.HAL_SRAM_Read_DMA), (96 bytes).
    Removing .\obj\stm32f7xx_hal_sram.o(i.HAL_SRAM_WriteOperation_Disable), (60 bytes).
    Removing .\obj\stm32f7xx_hal_sram.o(i.HAL_SRAM_WriteOperation_Enable), (54 bytes).
    Removing .\obj\stm32f7xx_hal_sram.o(i.HAL_SRAM_Write_16b), (82 bytes).
    Removing .\obj\stm32f7xx_hal_sram.o(i.HAL_SRAM_Write_32b), (80 bytes).
    Removing .\obj\stm32f7xx_hal_sram.o(i.HAL_SRAM_Write_8b), (82 bytes).
    Removing .\obj\stm32f7xx_hal_sram.o(i.HAL_SRAM_Write_DMA), (108 bytes).
    Removing .\obj\stm32f7xx_hal_tim.o(.rev16_text), (4 bytes).
    Removing .\obj\stm32f7xx_hal_tim.o(.revsh_text), (4 bytes).
    Removing .\obj\stm32f7xx_hal_tim.o(.rrx_text), (6 bytes).
    Removing .\obj\stm32f7xx_hal_tim.o(i.HAL_TIM_Base_DeInit), (70 bytes).
    Removing .\obj\stm32f7xx_hal_tim.o(i.HAL_TIM_Base_GetState), (8 bytes).
    Removing .\obj\stm32f7xx_hal_tim.o(i.HAL_TIM_Base_Init), (52 bytes).
    Removing .\obj\stm32f7xx_hal_tim.o(i.HAL_TIM_Base_MspDeInit), (2 bytes).
    Removing .\obj\stm32f7xx_hal_tim.o(i.HAL_TIM_Base_MspInit), (2 bytes).
    Removing .\obj\stm32f7xx_hal_tim.o(i.HAL_TIM_Base_Start), (30 bytes).
    Removing .\obj\stm32f7xx_hal_tim.o(i.HAL_TIM_Base_Start_DMA), (104 bytes).
    Removing .\obj\stm32f7xx_hal_tim.o(i.HAL_TIM_Base_Start_IT), (30 bytes).
    Removing .\obj\stm32f7xx_hal_tim.o(i.HAL_TIM_Base_Stop), (56 bytes).
    Removing .\obj\stm32f7xx_hal_tim.o(i.HAL_TIM_Base_Stop_DMA), (62 bytes).
    Removing .\obj\stm32f7xx_hal_tim.o(i.HAL_TIM_Base_Stop_IT), (56 bytes).
    Removing .\obj\stm32f7xx_hal_tim.o(i.HAL_TIM_ConfigClockSource), (312 bytes).
    Removing .\obj\stm32f7xx_hal_tim.o(i.HAL_TIM_ConfigOCrefClear), (222 bytes).
    Removing .\obj\stm32f7xx_hal_tim.o(i.HAL_TIM_ConfigTI1Input), (24 bytes).
    Removing .\obj\stm32f7xx_hal_tim.o(i.HAL_TIM_DMABurst_ReadStart), (388 bytes).
    Removing .\obj\stm32f7xx_hal_tim.o(i.HAL_TIM_DMABurst_ReadStop), (128 bytes).
    Removing .\obj\stm32f7xx_hal_tim.o(i.HAL_TIM_DMABurst_WriteStart), (388 bytes).
    Removing .\obj\stm32f7xx_hal_tim.o(i.HAL_TIM_DMABurst_WriteStop), (128 bytes).
    Removing .\obj\stm32f7xx_hal_tim.o(i.HAL_TIM_Encoder_DeInit), (70 bytes).
    Removing .\obj\stm32f7xx_hal_tim.o(i.HAL_TIM_Encoder_GetState), (8 bytes).
    Removing .\obj\stm32f7xx_hal_tim.o(i.HAL_TIM_Encoder_Init), (184 bytes).
    Removing .\obj\stm32f7xx_hal_tim.o(i.HAL_TIM_Encoder_MspDeInit), (2 bytes).
    Removing .\obj\stm32f7xx_hal_tim.o(i.HAL_TIM_Encoder_MspInit), (2 bytes).
    Removing .\obj\stm32f7xx_hal_tim.o(i.HAL_TIM_Encoder_Start), (78 bytes).
    Removing .\obj\stm32f7xx_hal_tim.o(i.HAL_TIM_Encoder_Start_DMA), (328 bytes).
    Removing .\obj\stm32f7xx_hal_tim.o(i.HAL_TIM_Encoder_Start_IT), (126 bytes).
    Removing .\obj\stm32f7xx_hal_tim.o(i.HAL_TIM_Encoder_Stop), (104 bytes).
    Removing .\obj\stm32f7xx_hal_tim.o(i.HAL_TIM_Encoder_Stop_DMA), (152 bytes).
    Removing .\obj\stm32f7xx_hal_tim.o(i.HAL_TIM_Encoder_Stop_IT), (152 bytes).
    Removing .\obj\stm32f7xx_hal_tim.o(i.HAL_TIM_ErrorCallback), (2 bytes).
    Removing .\obj\stm32f7xx_hal_tim.o(i.HAL_TIM_GenerateEvent), (54 bytes).
    Removing .\obj\stm32f7xx_hal_tim.o(i.HAL_TIM_IC_CaptureCallback), (2 bytes).
    Removing .\obj\stm32f7xx_hal_tim.o(i.HAL_TIM_IC_ConfigChannel), (224 bytes).
    Removing .\obj\stm32f7xx_hal_tim.o(i.HAL_TIM_IC_DeInit), (70 bytes).
    Removing .\obj\stm32f7xx_hal_tim.o(i.HAL_TIM_IC_GetState), (8 bytes).
    Removing .\obj\stm32f7xx_hal_tim.o(i.HAL_TIM_IC_Init), (52 bytes).
    Removing .\obj\stm32f7xx_hal_tim.o(i.HAL_TIM_IC_MspDeInit), (2 bytes).
    Removing .\obj\stm32f7xx_hal_tim.o(i.HAL_TIM_IC_MspInit), (2 bytes).
    Removing .\obj\stm32f7xx_hal_tim.o(i.HAL_TIM_IC_Start), (32 bytes).
    Removing .\obj\stm32f7xx_hal_tim.o(i.HAL_TIM_IC_Start_DMA), (268 bytes).
    Removing .\obj\stm32f7xx_hal_tim.o(i.HAL_TIM_IC_Start_IT), (108 bytes).
    Removing .\obj\stm32f7xx_hal_tim.o(i.HAL_TIM_IC_Stop), (58 bytes).
    Removing .\obj\stm32f7xx_hal_tim.o(i.HAL_TIM_IC_Stop_DMA), (140 bytes).
    Removing .\obj\stm32f7xx_hal_tim.o(i.HAL_TIM_IC_Stop_IT), (134 bytes).
    Removing .\obj\stm32f7xx_hal_tim.o(i.HAL_TIM_IRQHandler), (440 bytes).
    Removing .\obj\stm32f7xx_hal_tim.o(i.HAL_TIM_OC_ConfigChannel), (116 bytes).
    Removing .\obj\stm32f7xx_hal_tim.o(i.HAL_TIM_OC_DeInit), (70 bytes).
    Removing .\obj\stm32f7xx_hal_tim.o(i.HAL_TIM_OC_DelayElapsedCallback), (2 bytes).
    Removing .\obj\stm32f7xx_hal_tim.o(i.HAL_TIM_OC_GetState), (8 bytes).
    Removing .\obj\stm32f7xx_hal_tim.o(i.HAL_TIM_OC_Init), (52 bytes).
    Removing .\obj\stm32f7xx_hal_tim.o(i.HAL_TIM_OC_MspDeInit), (2 bytes).
    Removing .\obj\stm32f7xx_hal_tim.o(i.HAL_TIM_OC_MspInit), (2 bytes).
    Removing .\obj\stm32f7xx_hal_tim.o(i.HAL_TIM_OC_Start), (76 bytes).
    Removing .\obj\stm32f7xx_hal_tim.o(i.HAL_TIM_OC_Start_DMA), (312 bytes).
    Removing .\obj\stm32f7xx_hal_tim.o(i.HAL_TIM_OC_Start_IT), (152 bytes).
    Removing .\obj\stm32f7xx_hal_tim.o(i.HAL_TIM_OC_Stop), (128 bytes).
    Removing .\obj\stm32f7xx_hal_tim.o(i.HAL_TIM_OC_Stop_DMA), (212 bytes).
    Removing .\obj\stm32f7xx_hal_tim.o(i.HAL_TIM_OC_Stop_IT), (204 bytes).
    Removing .\obj\stm32f7xx_hal_tim.o(i.HAL_TIM_OnePulse_ConfigChannel), (292 bytes).
    Removing .\obj\stm32f7xx_hal_tim.o(i.HAL_TIM_OnePulse_DeInit), (70 bytes).
    Removing .\obj\stm32f7xx_hal_tim.o(i.HAL_TIM_OnePulse_GetState), (8 bytes).
    Removing .\obj\stm32f7xx_hal_tim.o(i.HAL_TIM_OnePulse_Init), (76 bytes).
    Removing .\obj\stm32f7xx_hal_tim.o(i.HAL_TIM_OnePulse_MspDeInit), (2 bytes).
    Removing .\obj\stm32f7xx_hal_tim.o(i.HAL_TIM_OnePulse_MspInit), (2 bytes).
    Removing .\obj\stm32f7xx_hal_tim.o(i.HAL_TIM_OnePulse_Start), (76 bytes).
    Removing .\obj\stm32f7xx_hal_tim.o(i.HAL_TIM_OnePulse_Start_IT), (100 bytes).
    Removing .\obj\stm32f7xx_hal_tim.o(i.HAL_TIM_OnePulse_Stop), (140 bytes).
    Removing .\obj\stm32f7xx_hal_tim.o(i.HAL_TIM_OnePulse_Stop_IT), (164 bytes).
    Removing .\obj\stm32f7xx_hal_tim.o(i.HAL_TIM_PWM_ConfigChannel), (264 bytes).
    Removing .\obj\stm32f7xx_hal_tim.o(i.HAL_TIM_PWM_DeInit), (70 bytes).
    Removing .\obj\stm32f7xx_hal_tim.o(i.HAL_TIM_PWM_GetState), (8 bytes).
    Removing .\obj\stm32f7xx_hal_tim.o(i.HAL_TIM_PWM_Init), (52 bytes).
    Removing .\obj\stm32f7xx_hal_tim.o(i.HAL_TIM_PWM_MspDeInit), (2 bytes).
    Removing .\obj\stm32f7xx_hal_tim.o(i.HAL_TIM_PWM_MspInit), (2 bytes).
    Removing .\obj\stm32f7xx_hal_tim.o(i.HAL_TIM_PWM_PulseFinishedCallback), (2 bytes).
    Removing .\obj\stm32f7xx_hal_tim.o(i.HAL_TIM_PWM_Start), (76 bytes).
    Removing .\obj\stm32f7xx_hal_tim.o(i.HAL_TIM_PWM_Start_DMA), (312 bytes).
    Removing .\obj\stm32f7xx_hal_tim.o(i.HAL_TIM_PWM_Start_IT), (152 bytes).
    Removing .\obj\stm32f7xx_hal_tim.o(i.HAL_TIM_PWM_Stop), (136 bytes).
    Removing .\obj\stm32f7xx_hal_tim.o(i.HAL_TIM_PWM_Stop_DMA), (212 bytes).
    Removing .\obj\stm32f7xx_hal_tim.o(i.HAL_TIM_PWM_Stop_IT), (204 bytes).
    Removing .\obj\stm32f7xx_hal_tim.o(i.HAL_TIM_PeriodElapsedCallback), (2 bytes).
    Removing .\obj\stm32f7xx_hal_tim.o(i.HAL_TIM_ReadCapturedValue), (84 bytes).
    Removing .\obj\stm32f7xx_hal_tim.o(i.HAL_TIM_SlaveConfigSynchronization), (216 bytes).
    Removing .\obj\stm32f7xx_hal_tim.o(i.HAL_TIM_SlaveConfigSynchronization_IT), (86 bytes).
    Removing .\obj\stm32f7xx_hal_tim.o(i.HAL_TIM_TriggerCallback), (2 bytes).
    Removing .\obj\stm32f7xx_hal_tim.o(i.TIM_Base_SetConfig), (240 bytes).
    Removing .\obj\stm32f7xx_hal_tim.o(i.TIM_CCxChannelCmd), (28 bytes).
    Removing .\obj\stm32f7xx_hal_tim.o(i.TIM_DMACaptureCplt), (70 bytes).
    Removing .\obj\stm32f7xx_hal_tim.o(i.TIM_DMADelayPulseCplt), (70 bytes).
    Removing .\obj\stm32f7xx_hal_tim.o(i.TIM_DMAError), (20 bytes).
    Removing .\obj\stm32f7xx_hal_tim.o(i.TIM_DMAPeriodElapsedCplt), (20 bytes).
    Removing .\obj\stm32f7xx_hal_tim.o(i.TIM_DMATriggerCplt), (20 bytes).
    Removing .\obj\stm32f7xx_hal_tim.o(i.TIM_ETR_SetConfig), (24 bytes).
    Removing .\obj\stm32f7xx_hal_tim.o(i.TIM_ITRx_SetConfig), (20 bytes).
    Removing .\obj\stm32f7xx_hal_tim.o(i.TIM_OC1_SetConfig), (116 bytes).
    Removing .\obj\stm32f7xx_hal_tim.o(i.TIM_OC2_SetConfig), (124 bytes).
    Removing .\obj\stm32f7xx_hal_tim.o(i.TIM_OC3_SetConfig), (124 bytes).
    Removing .\obj\stm32f7xx_hal_tim.o(i.TIM_OC4_SetConfig), (100 bytes).
    Removing .\obj\stm32f7xx_hal_tim.o(i.TIM_SlaveTimer_SetConfig), (168 bytes).
    Removing .\obj\stm32f7xx_hal_tim.o(i.TIM_TI1_ConfigInputStage), (42 bytes).
    Removing .\obj\stm32f7xx_hal_tim.o(i.TIM_TI1_SetConfig), (148 bytes).
    Removing .\obj\stm32f7xx_hal_tim.o(i.TIM_TI2_ConfigInputStage), (44 bytes).
    Removing .\obj\stm32f7xx_hal_tim.o(i.TIM_TI2_SetConfig), (62 bytes).
    Removing .\obj\stm32f7xx_hal_tim.o(i.TIM_TI3_SetConfig), (60 bytes).
    Removing .\obj\stm32f7xx_hal_tim.o(i.TIM_TI4_SetConfig), (64 bytes).
    Removing .\obj\stm32f7xx_hal_tim_ex.o(.rev16_text), (4 bytes).
    Removing .\obj\stm32f7xx_hal_tim_ex.o(.revsh_text), (4 bytes).
    Removing .\obj\stm32f7xx_hal_tim_ex.o(.rrx_text), (6 bytes).
    Removing .\obj\stm32f7xx_hal_tim_ex.o(i.HAL_TIMEx_BreakCallback), (2 bytes).
    Removing .\obj\stm32f7xx_hal_tim_ex.o(i.HAL_TIMEx_CommutationCallback), (2 bytes).
    Removing .\obj\stm32f7xx_hal_tim_ex.o(i.HAL_TIMEx_ConfigBreakDeadTime), (196 bytes).
    Removing .\obj\stm32f7xx_hal_tim_ex.o(i.HAL_TIMEx_ConfigBreakInput), (132 bytes).
    Removing .\obj\stm32f7xx_hal_tim_ex.o(i.HAL_TIMEx_ConfigCommutationEvent), (110 bytes).
    Removing .\obj\stm32f7xx_hal_tim_ex.o(i.HAL_TIMEx_ConfigCommutationEvent_DMA), (144 bytes).
    Removing .\obj\stm32f7xx_hal_tim_ex.o(i.HAL_TIMEx_ConfigCommutationEvent_IT), (122 bytes).
    Removing .\obj\stm32f7xx_hal_tim_ex.o(i.HAL_TIMEx_GroupChannel5), (72 bytes).
    Removing .\obj\stm32f7xx_hal_tim_ex.o(i.HAL_TIMEx_HallSensor_DeInit), (70 bytes).
    Removing .\obj\stm32f7xx_hal_tim_ex.o(i.HAL_TIMEx_HallSensor_GetState), (8 bytes).
    Removing .\obj\stm32f7xx_hal_tim_ex.o(i.HAL_TIMEx_HallSensor_Init), (200 bytes).
    Removing .\obj\stm32f7xx_hal_tim_ex.o(i.HAL_TIMEx_HallSensor_MspDeInit), (2 bytes).
    Removing .\obj\stm32f7xx_hal_tim_ex.o(i.HAL_TIMEx_HallSensor_MspInit), (2 bytes).
    Removing .\obj\stm32f7xx_hal_tim_ex.o(i.HAL_TIMEx_HallSensor_Start), (30 bytes).
    Removing .\obj\stm32f7xx_hal_tim_ex.o(i.HAL_TIMEx_HallSensor_Start_DMA), (116 bytes).
    Removing .\obj\stm32f7xx_hal_tim_ex.o(i.HAL_TIMEx_HallSensor_Start_IT), (42 bytes).
    Removing .\obj\stm32f7xx_hal_tim_ex.o(i.HAL_TIMEx_HallSensor_Stop), (56 bytes).
    Removing .\obj\stm32f7xx_hal_tim_ex.o(i.HAL_TIMEx_HallSensor_Stop_DMA), (68 bytes).
    Removing .\obj\stm32f7xx_hal_tim_ex.o(i.HAL_TIMEx_HallSensor_Stop_IT), (68 bytes).
    Removing .\obj\stm32f7xx_hal_tim_ex.o(i.HAL_TIMEx_MasterConfigSynchronization), (108 bytes).
    Removing .\obj\stm32f7xx_hal_tim_ex.o(i.HAL_TIMEx_OCN_Start), (44 bytes).
    Removing .\obj\stm32f7xx_hal_tim_ex.o(i.HAL_TIMEx_OCN_Start_DMA), (280 bytes).
    Removing .\obj\stm32f7xx_hal_tim_ex.o(i.HAL_TIMEx_OCN_Start_IT), (132 bytes).
    Removing .\obj\stm32f7xx_hal_tim_ex.o(i.HAL_TIMEx_OCN_Stop), (96 bytes).
    Removing .\obj\stm32f7xx_hal_tim_ex.o(i.HAL_TIMEx_OCN_Stop_DMA), (178 bytes).
    Removing .\obj\stm32f7xx_hal_tim_ex.o(i.HAL_TIMEx_OCN_Stop_IT), (198 bytes).
    Removing .\obj\stm32f7xx_hal_tim_ex.o(i.HAL_TIMEx_OnePulseN_Start), (32 bytes).
    Removing .\obj\stm32f7xx_hal_tim_ex.o(i.HAL_TIMEx_OnePulseN_Start_IT), (56 bytes).
    Removing .\obj\stm32f7xx_hal_tim_ex.o(i.HAL_TIMEx_OnePulseN_Stop), (96 bytes).
    Removing .\obj\stm32f7xx_hal_tim_ex.o(i.HAL_TIMEx_OnePulseN_Stop_IT), (120 bytes).
    Removing .\obj\stm32f7xx_hal_tim_ex.o(i.HAL_TIMEx_PWMN_Start), (44 bytes).
    Removing .\obj\stm32f7xx_hal_tim_ex.o(i.HAL_TIMEx_PWMN_Start_DMA), (280 bytes).
    Removing .\obj\stm32f7xx_hal_tim_ex.o(i.HAL_TIMEx_PWMN_Start_IT), (132 bytes).
    Removing .\obj\stm32f7xx_hal_tim_ex.o(i.HAL_TIMEx_PWMN_Stop), (96 bytes).
    Removing .\obj\stm32f7xx_hal_tim_ex.o(i.HAL_TIMEx_PWMN_Stop_DMA), (178 bytes).
    Removing .\obj\stm32f7xx_hal_tim_ex.o(i.HAL_TIMEx_PWMN_Stop_IT), (198 bytes).
    Removing .\obj\stm32f7xx_hal_tim_ex.o(i.HAL_TIMEx_RemapConfig), (48 bytes).
    Removing .\obj\stm32f7xx_hal_tim_ex.o(i.HAL_TIM_ConfigOCrefClear), (316 bytes).
    Removing .\obj\stm32f7xx_hal_tim_ex.o(i.HAL_TIM_OC_ConfigChannel), (148 bytes).
    Removing .\obj\stm32f7xx_hal_tim_ex.o(i.HAL_TIM_PWM_ConfigChannel), (372 bytes).
    Removing .\obj\stm32f7xx_hal_tim_ex.o(i.TIMEx_DMACommutationCplt), (20 bytes).
    Removing .\obj\stm32f7xx_hal_tim_ex.o(i.TIM_CCxNChannelCmd), (28 bytes).
    Removing .\obj\stm32f7xx_hal_tim_ex.o(i.TIM_OC5_SetConfig), (88 bytes).
    Removing .\obj\stm32f7xx_hal_tim_ex.o(i.TIM_OC6_SetConfig), (88 bytes).
    Removing .\obj\stm32f7xx_hal_uart.o(.rev16_text), (4 bytes).
    Removing .\obj\stm32f7xx_hal_uart.o(.revsh_text), (4 bytes).
    Removing .\obj\stm32f7xx_hal_uart.o(.rrx_text), (6 bytes).
    Removing .\obj\stm32f7xx_hal_uart.o(i.HAL_HalfDuplex_EnableReceiver), (74 bytes).
    Removing .\obj\stm32f7xx_hal_uart.o(i.HAL_HalfDuplex_EnableTransmitter), (74 bytes).
    Removing .\obj\stm32f7xx_hal_uart.o(i.HAL_HalfDuplex_Init), (124 bytes).
    Removing .\obj\stm32f7xx_hal_uart.o(i.HAL_LIN_Init), (140 bytes).
    Removing .\obj\stm32f7xx_hal_uart.o(i.HAL_LIN_SendBreak), (62 bytes).
    Removing .\obj\stm32f7xx_hal_uart.o(i.HAL_MultiProcessorEx_AddressLength_Set), (64 bytes).
    Removing .\obj\stm32f7xx_hal_uart.o(i.HAL_MultiProcessor_DisableMuteMode), (58 bytes).
    Removing .\obj\stm32f7xx_hal_uart.o(i.HAL_MultiProcessor_EnableMuteMode), (58 bytes).
    Removing .\obj\stm32f7xx_hal_uart.o(i.HAL_MultiProcessor_EnterMuteMode), (14 bytes).
    Removing .\obj\stm32f7xx_hal_uart.o(i.HAL_MultiProcessor_Init), (148 bytes).
    Removing .\obj\stm32f7xx_hal_uart.o(i.HAL_RS485Ex_Init), (156 bytes).
    Removing .\obj\stm32f7xx_hal_uart.o(i.HAL_UART_DMAPause), (122 bytes).
    Removing .\obj\stm32f7xx_hal_uart.o(i.HAL_UART_DMAResume), (120 bytes).
    Removing .\obj\stm32f7xx_hal_uart.o(i.HAL_UART_DMAStop), (100 bytes).
    Removing .\obj\stm32f7xx_hal_uart.o(i.HAL_UART_DeInit), (72 bytes).
    Removing .\obj\stm32f7xx_hal_uart.o(i.HAL_UART_ErrorCallback), (2 bytes).
    Removing .\obj\stm32f7xx_hal_uart.o(i.HAL_UART_GetError), (6 bytes).
    Removing .\obj\stm32f7xx_hal_uart.o(i.HAL_UART_GetState), (20 bytes).
    Removing .\obj\stm32f7xx_hal_uart.o(i.HAL_UART_IRQHandler), (352 bytes).
    Removing .\obj\stm32f7xx_hal_uart.o(i.HAL_UART_Init), (120 bytes).
    Removing .\obj\stm32f7xx_hal_uart.o(i.HAL_UART_MspDeInit), (2 bytes).
    Removing .\obj\stm32f7xx_hal_uart.o(i.HAL_UART_MspInit), (2 bytes).
    Removing .\obj\stm32f7xx_hal_uart.o(i.HAL_UART_Receive), (274 bytes).
    Removing .\obj\stm32f7xx_hal_uart.o(i.HAL_UART_Receive_DMA), (172 bytes).
    Removing .\obj\stm32f7xx_hal_uart.o(i.HAL_UART_Receive_IT), (188 bytes).
    Removing .\obj\stm32f7xx_hal_uart.o(i.HAL_UART_RxCpltCallback), (2 bytes).
    Removing .\obj\stm32f7xx_hal_uart.o(i.HAL_UART_RxHalfCpltCallback), (2 bytes).
    Removing .\obj\stm32f7xx_hal_uart.o(i.HAL_UART_Transmit), (198 bytes).
    Removing .\obj\stm32f7xx_hal_uart.o(i.HAL_UART_Transmit_DMA), (160 bytes).
    Removing .\obj\stm32f7xx_hal_uart.o(i.HAL_UART_Transmit_IT), (90 bytes).
    Removing .\obj\stm32f7xx_hal_uart.o(i.HAL_UART_TxCpltCallback), (2 bytes).
    Removing .\obj\stm32f7xx_hal_uart.o(i.HAL_UART_TxHalfCpltCallback), (2 bytes).
    Removing .\obj\stm32f7xx_hal_uart.o(i.UART_AdvFeatureConfig), (234 bytes).
    Removing .\obj\stm32f7xx_hal_uart.o(i.UART_CheckIdleState), (78 bytes).
    Removing .\obj\stm32f7xx_hal_uart.o(i.UART_DMAAbortOnError), (24 bytes).
    Removing .\obj\stm32f7xx_hal_uart.o(i.UART_DMAError), (78 bytes).
    Removing .\obj\stm32f7xx_hal_uart.o(i.UART_DMAReceiveCplt), (72 bytes).
    Removing .\obj\stm32f7xx_hal_uart.o(i.UART_DMARxHalfCplt), (14 bytes).
    Removing .\obj\stm32f7xx_hal_uart.o(i.UART_DMATransmitCplt), (56 bytes).
    Removing .\obj\stm32f7xx_hal_uart.o(i.UART_DMATxHalfCplt), (14 bytes).
    Removing .\obj\stm32f7xx_hal_uart.o(i.UART_EndRxTransfer), (32 bytes).
    Removing .\obj\stm32f7xx_hal_uart.o(i.UART_EndTransmit_IT), (32 bytes).
    Removing .\obj\stm32f7xx_hal_uart.o(i.UART_EndTxTransfer), (20 bytes).
    Removing .\obj\stm32f7xx_hal_uart.o(i.UART_Receive_IT), (136 bytes).
    Removing .\obj\stm32f7xx_hal_uart.o(i.UART_SetConfig), (908 bytes).
    Removing .\obj\stm32f7xx_hal_uart.o(i.UART_Transmit_IT), (106 bytes).
    Removing .\obj\stm32f7xx_hal_uart.o(i.UART_WaitOnFlagUntilTimeout), (108 bytes).
    Removing .\obj\stm32f7xx_hal_usart.o(.rev16_text), (4 bytes).
    Removing .\obj\stm32f7xx_hal_usart.o(.revsh_text), (4 bytes).
    Removing .\obj\stm32f7xx_hal_usart.o(.rrx_text), (6 bytes).
    Removing .\obj\stm32f7xx_hal_usart.o(i.HAL_USART_DMAPause), (138 bytes).
    Removing .\obj\stm32f7xx_hal_usart.o(i.HAL_USART_DMAResume), (150 bytes).
    Removing .\obj\stm32f7xx_hal_usart.o(i.HAL_USART_DMAStop), (100 bytes).
    Removing .\obj\stm32f7xx_hal_usart.o(i.HAL_USART_DeInit), (56 bytes).
    Removing .\obj\stm32f7xx_hal_usart.o(i.HAL_USART_ErrorCallback), (2 bytes).
    Removing .\obj\stm32f7xx_hal_usart.o(i.HAL_USART_GetError), (6 bytes).
    Removing .\obj\stm32f7xx_hal_usart.o(i.HAL_USART_GetState), (8 bytes).
    Removing .\obj\stm32f7xx_hal_usart.o(i.HAL_USART_IRQHandler), (376 bytes).
    Removing .\obj\stm32f7xx_hal_usart.o(i.HAL_USART_Init), (102 bytes).
    Removing .\obj\stm32f7xx_hal_usart.o(i.HAL_USART_MspDeInit), (2 bytes).
    Removing .\obj\stm32f7xx_hal_usart.o(i.HAL_USART_MspInit), (2 bytes).
    Removing .\obj\stm32f7xx_hal_usart.o(i.HAL_USART_Receive), (280 bytes).
    Removing .\obj\stm32f7xx_hal_usart.o(i.HAL_USART_Receive_DMA), (244 bytes).
    Removing .\obj\stm32f7xx_hal_usart.o(i.HAL_USART_Receive_IT), (196 bytes).
    Removing .\obj\stm32f7xx_hal_usart.o(i.HAL_USART_RxCpltCallback), (2 bytes).
    Removing .\obj\stm32f7xx_hal_usart.o(i.HAL_USART_RxHalfCpltCallback), (2 bytes).
    Removing .\obj\stm32f7xx_hal_usart.o(i.HAL_USART_Transmit), (190 bytes).
    Removing .\obj\stm32f7xx_hal_usart.o(i.HAL_USART_TransmitReceive), (336 bytes).
    Removing .\obj\stm32f7xx_hal_usart.o(i.HAL_USART_TransmitReceive_DMA), (260 bytes).
    Removing .\obj\stm32f7xx_hal_usart.o(i.HAL_USART_TransmitReceive_IT), (204 bytes).
    Removing .\obj\stm32f7xx_hal_usart.o(i.HAL_USART_Transmit_DMA), (172 bytes).
    Removing .\obj\stm32f7xx_hal_usart.o(i.HAL_USART_Transmit_IT), (88 bytes).
    Removing .\obj\stm32f7xx_hal_usart.o(i.HAL_USART_TxCpltCallback), (2 bytes).
    Removing .\obj\stm32f7xx_hal_usart.o(i.HAL_USART_TxHalfCpltCallback), (2 bytes).
    Removing .\obj\stm32f7xx_hal_usart.o(i.HAL_USART_TxRxCpltCallback), (2 bytes).
    Removing .\obj\stm32f7xx_hal_usart.o(i.USART_CheckIdleState), (78 bytes).
    Removing .\obj\stm32f7xx_hal_usart.o(i.USART_DMAAbortOnError), (20 bytes).
    Removing .\obj\stm32f7xx_hal_usart.o(i.USART_DMAError), (82 bytes).
    Removing .\obj\stm32f7xx_hal_usart.o(i.USART_DMAReceiveCplt), (122 bytes).
    Removing .\obj\stm32f7xx_hal_usart.o(i.USART_DMARxHalfCplt), (14 bytes).
    Removing .\obj\stm32f7xx_hal_usart.o(i.USART_DMATransmitCplt), (70 bytes).
    Removing .\obj\stm32f7xx_hal_usart.o(i.USART_DMATxHalfCplt), (14 bytes).
    Removing .\obj\stm32f7xx_hal_usart.o(i.USART_EndRxTransfer), (32 bytes).
    Removing .\obj\stm32f7xx_hal_usart.o(i.USART_EndTransmit_IT), (44 bytes).
    Removing .\obj\stm32f7xx_hal_usart.o(i.USART_EndTxTransfer), (20 bytes).
    Removing .\obj\stm32f7xx_hal_usart.o(i.USART_Receive_IT), (136 bytes).
    Removing .\obj\stm32f7xx_hal_usart.o(i.USART_SetConfig), (532 bytes).
    Removing .\obj\stm32f7xx_hal_usart.o(i.USART_TransmitReceive_IT), (224 bytes).
    Removing .\obj\stm32f7xx_hal_usart.o(i.USART_Transmit_IT), (100 bytes).
    Removing .\obj\stm32f7xx_hal_usart.o(i.USART_WaitOnFlagUntilTimeout), (128 bytes).
    Removing .\obj\stm32f7xx_hal_wwdg.o(.rev16_text), (4 bytes).
    Removing .\obj\stm32f7xx_hal_wwdg.o(.revsh_text), (4 bytes).
    Removing .\obj\stm32f7xx_hal_wwdg.o(.rrx_text), (6 bytes).
    Removing .\obj\stm32f7xx_hal_wwdg.o(i.HAL_WWDG_EarlyWakeupCallback), (2 bytes).
    Removing .\obj\stm32f7xx_hal_wwdg.o(i.HAL_WWDG_IRQHandler), (40 bytes).
    Removing .\obj\stm32f7xx_hal_wwdg.o(i.HAL_WWDG_Init), (44 bytes).
    Removing .\obj\stm32f7xx_hal_wwdg.o(i.HAL_WWDG_MspInit), (2 bytes).
    Removing .\obj\stm32f7xx_hal_wwdg.o(i.HAL_WWDG_Refresh), (12 bytes).
    Removing .\obj\stm32f7xx_ll_fmc.o(.rev16_text), (4 bytes).
    Removing .\obj\stm32f7xx_ll_fmc.o(.revsh_text), (4 bytes).
    Removing .\obj\stm32f7xx_ll_fmc.o(.rrx_text), (6 bytes).
    Removing .\obj\stm32f7xx_ll_fmc.o(i.FMC_NAND_AttributeSpace_Timing_Init), (40 bytes).
    Removing .\obj\stm32f7xx_ll_fmc.o(i.FMC_NAND_CommonSpace_Timing_Init), (40 bytes).
    Removing .\obj\stm32f7xx_ll_fmc.o(i.FMC_NAND_DeInit), (30 bytes).
    Removing .\obj\stm32f7xx_ll_fmc.o(i.FMC_NAND_ECC_Disable), (14 bytes).
    Removing .\obj\stm32f7xx_ll_fmc.o(i.FMC_NAND_ECC_Enable), (14 bytes).
    Removing .\obj\stm32f7xx_ll_fmc.o(i.FMC_NAND_GetECC), (62 bytes).
    Removing .\obj\stm32f7xx_ll_fmc.o(i.FMC_NAND_Init), (56 bytes).
    Removing .\obj\stm32f7xx_ll_fmc.o(i.FMC_NORSRAM_DeInit), (56 bytes).
    Removing .\obj\stm32f7xx_ll_fmc.o(i.FMC_NORSRAM_Extended_Timing_Init), (72 bytes).
    Removing .\obj\stm32f7xx_ll_fmc.o(i.FMC_NORSRAM_Init), (128 bytes).
    Removing .\obj\stm32f7xx_ll_fmc.o(i.FMC_NORSRAM_Timing_Init), (94 bytes).
    Removing .\obj\stm32f7xx_ll_fmc.o(i.FMC_NORSRAM_WriteOperation_Disable), (18 bytes).
    Removing .\obj\stm32f7xx_ll_fmc.o(i.FMC_NORSRAM_WriteOperation_Enable), (18 bytes).
    Removing .\obj\stm32f7xx_ll_fmc.o(i.FMC_SDRAM_DeInit), (32 bytes).
    Removing .\obj\stm32f7xx_ll_fmc.o(i.FMC_SDRAM_GetModeStatus), (24 bytes).
    Removing .\obj\stm32f7xx_ll_fmc.o(i.FMC_SDRAM_Init), (116 bytes).
    Removing .\obj\stm32f7xx_ll_fmc.o(i.FMC_SDRAM_ProgramRefreshRate), (14 bytes).
    Removing .\obj\stm32f7xx_ll_fmc.o(i.FMC_SDRAM_SendCommand), (82 bytes).
    Removing .\obj\stm32f7xx_ll_fmc.o(i.FMC_SDRAM_SetAutoRefreshNumber), (14 bytes).
    Removing .\obj\stm32f7xx_ll_fmc.o(i.FMC_SDRAM_Timing_Init), (156 bytes).
    Removing .\obj\stm32f7xx_ll_fmc.o(i.FMC_SDRAM_WriteProtection_Disable), (18 bytes).
    Removing .\obj\stm32f7xx_ll_fmc.o(i.FMC_SDRAM_WriteProtection_Enable), (18 bytes).
    Removing .\obj\stm32f7xx_ll_sdmmc.o(.rev16_text), (4 bytes).
    Removing .\obj\stm32f7xx_ll_sdmmc.o(.revsh_text), (4 bytes).
    Removing .\obj\stm32f7xx_ll_sdmmc.o(.rrx_text), (6 bytes).
    Removing .\obj\stm32f7xx_ll_sdmmc.o(i.SDMMC_CmdAppCommand), (58 bytes).
    Removing .\obj\stm32f7xx_ll_sdmmc.o(i.SDMMC_CmdAppOperCommand), (60 bytes).
    Removing .\obj\stm32f7xx_ll_sdmmc.o(i.SDMMC_CmdBlockLength), (58 bytes).
    Removing .\obj\stm32f7xx_ll_sdmmc.o(i.SDMMC_CmdBusWidth), (58 bytes).
    Removing .\obj\stm32f7xx_ll_sdmmc.o(i.SDMMC_CmdErase), (58 bytes).
    Removing .\obj\stm32f7xx_ll_sdmmc.o(i.SDMMC_CmdEraseEndAdd), (58 bytes).
    Removing .\obj\stm32f7xx_ll_sdmmc.o(i.SDMMC_CmdEraseStartAdd), (58 bytes).
    Removing .\obj\stm32f7xx_ll_sdmmc.o(i.SDMMC_CmdGoIdleState), (46 bytes).
    Removing .\obj\stm32f7xx_ll_sdmmc.o(i.SDMMC_CmdOpCondition), (52 bytes).
    Removing .\obj\stm32f7xx_ll_sdmmc.o(i.SDMMC_CmdOperCond), (54 bytes).
    Removing .\obj\stm32f7xx_ll_sdmmc.o(i.SDMMC_CmdReadMultiBlock), (58 bytes).
    Removing .\obj\stm32f7xx_ll_sdmmc.o(i.SDMMC_CmdReadSingleBlock), (58 bytes).
    Removing .\obj\stm32f7xx_ll_sdmmc.o(i.SDMMC_CmdSDEraseEndAdd), (58 bytes).
    Removing .\obj\stm32f7xx_ll_sdmmc.o(i.SDMMC_CmdSDEraseStartAdd), (58 bytes).
    Removing .\obj\stm32f7xx_ll_sdmmc.o(i.SDMMC_CmdSelDesel), (60 bytes).
    Removing .\obj\stm32f7xx_ll_sdmmc.o(i.SDMMC_CmdSendCID), (52 bytes).
    Removing .\obj\stm32f7xx_ll_sdmmc.o(i.SDMMC_CmdSendCSD), (52 bytes).
    Removing .\obj\stm32f7xx_ll_sdmmc.o(i.SDMMC_CmdSendSCR), (58 bytes).
    Removing .\obj\stm32f7xx_ll_sdmmc.o(i.SDMMC_CmdSendStatus), (58 bytes).
    Removing .\obj\stm32f7xx_ll_sdmmc.o(i.SDMMC_CmdSetRelAdd), (58 bytes).
    Removing .\obj\stm32f7xx_ll_sdmmc.o(i.SDMMC_CmdStatusRegister), (58 bytes).
    Removing .\obj\stm32f7xx_ll_sdmmc.o(i.SDMMC_CmdStopTransfer), (60 bytes).
    Removing .\obj\stm32f7xx_ll_sdmmc.o(i.SDMMC_CmdSwitch), (58 bytes).
    Removing .\obj\stm32f7xx_ll_sdmmc.o(i.SDMMC_CmdWriteMultiBlock), (58 bytes).
    Removing .\obj\stm32f7xx_ll_sdmmc.o(i.SDMMC_CmdWriteSingleBlock), (58 bytes).
    Removing .\obj\stm32f7xx_ll_sdmmc.o(i.SDMMC_ConfigData), (44 bytes).
    Removing .\obj\stm32f7xx_ll_sdmmc.o(i.SDMMC_GetCmdError), (64 bytes).
    Removing .\obj\stm32f7xx_ll_sdmmc.o(i.SDMMC_GetCmdResp1), (420 bytes).
    Removing .\obj\stm32f7xx_ll_sdmmc.o(i.SDMMC_GetCmdResp2), (92 bytes).
    Removing .\obj\stm32f7xx_ll_sdmmc.o(i.SDMMC_GetCmdResp3), (80 bytes).
    Removing .\obj\stm32f7xx_ll_sdmmc.o(i.SDMMC_GetCmdResp6), (176 bytes).
    Removing .\obj\stm32f7xx_ll_sdmmc.o(i.SDMMC_GetCmdResp7), (88 bytes).
    Removing .\obj\stm32f7xx_ll_sdmmc.o(i.SDMMC_GetCommandResponse), (8 bytes).
    Removing .\obj\stm32f7xx_ll_sdmmc.o(i.SDMMC_GetDataCounter), (6 bytes).
    Removing .\obj\stm32f7xx_ll_sdmmc.o(i.SDMMC_GetFIFOCount), (8 bytes).
    Removing .\obj\stm32f7xx_ll_sdmmc.o(i.SDMMC_GetPowerState), (10 bytes).
    Removing .\obj\stm32f7xx_ll_sdmmc.o(i.SDMMC_GetResponse), (22 bytes).
    Removing .\obj\stm32f7xx_ll_sdmmc.o(i.SDMMC_Init), (52 bytes).
    Removing .\obj\stm32f7xx_ll_sdmmc.o(i.SDMMC_PowerState_OFF), (8 bytes).
    Removing .\obj\stm32f7xx_ll_sdmmc.o(i.SDMMC_PowerState_ON), (18 bytes).
    Removing .\obj\stm32f7xx_ll_sdmmc.o(i.SDMMC_ReadFIFO), (8 bytes).
    Removing .\obj\stm32f7xx_ll_sdmmc.o(i.SDMMC_SendCommand), (40 bytes).
    Removing .\obj\stm32f7xx_ll_sdmmc.o(i.SDMMC_SetSDMMCReadWaitMode), (16 bytes).
    Removing .\obj\stm32f7xx_ll_sdmmc.o(i.SDMMC_WriteFIFO), (12 bytes).
    Removing .\obj\stm32f7xx_ll_usb.o(.rev16_text), (4 bytes).
    Removing .\obj\stm32f7xx_ll_usb.o(.revsh_text), (4 bytes).
    Removing .\obj\stm32f7xx_ll_usb.o(.rrx_text), (6 bytes).
    Removing .\obj\stm32f7xx_ll_usb.o(i.USB_ActivateDedicatedEndpoint), (284 bytes).
    Removing .\obj\stm32f7xx_ll_usb.o(i.USB_ActivateEndpoint), (196 bytes).
    Removing .\obj\stm32f7xx_ll_usb.o(i.USB_ActivateSetup), (68 bytes).
    Removing .\obj\stm32f7xx_ll_usb.o(i.USB_ClearInterrupts), (8 bytes).
    Removing .\obj\stm32f7xx_ll_usb.o(i.USB_CoreInit), (112 bytes).
    Removing .\obj\stm32f7xx_ll_usb.o(i.USB_CoreReset), (76 bytes).
    Removing .\obj\stm32f7xx_ll_usb.o(i.USB_DeactivateDedicatedEndpoint), (116 bytes).
    Removing .\obj\stm32f7xx_ll_usb.o(i.USB_DeactivateEndpoint), (168 bytes).
    Removing .\obj\stm32f7xx_ll_usb.o(i.USB_DevConnect), (30 bytes).
    Removing .\obj\stm32f7xx_ll_usb.o(i.USB_DevDisconnect), (30 bytes).
    Removing .\obj\stm32f7xx_ll_usb.o(i.USB_DevInit), (460 bytes).
    Removing .\obj\stm32f7xx_ll_usb.o(i.USB_DisableGlobalInt), (14 bytes).
    Removing .\obj\stm32f7xx_ll_usb.o(i.USB_DoPing), (64 bytes).
    Removing .\obj\stm32f7xx_ll_usb.o(i.USB_DriveVbus), (68 bytes).
    Removing .\obj\stm32f7xx_ll_usb.o(i.USB_EP0StartXfer), (428 bytes).
    Removing .\obj\stm32f7xx_ll_usb.o(i.USB_EP0_OutStart), (68 bytes).
    Removing .\obj\stm32f7xx_ll_usb.o(i.USB_EPClearStall), (136 bytes).
    Removing .\obj\stm32f7xx_ll_usb.o(i.USB_EPSetStall), (140 bytes).
    Removing .\obj\stm32f7xx_ll_usb.o(i.USB_EPStartXfer), (720 bytes).
    Removing .\obj\stm32f7xx_ll_usb.o(i.USB_EnableGlobalInt), (14 bytes).
    Removing .\obj\stm32f7xx_ll_usb.o(i.USB_FlushRxFifo), (44 bytes).
    Removing .\obj\stm32f7xx_ll_usb.o(i.USB_FlushTxFifo), (48 bytes).
    Removing .\obj\stm32f7xx_ll_usb.o(i.USB_GetCurrentFrame), (12 bytes).
    Removing .\obj\stm32f7xx_ll_usb.o(i.USB_GetDevSpeed), (68 bytes).
    Removing .\obj\stm32f7xx_ll_usb.o(i.USB_GetHostSpeed), (18 bytes).
    Removing .\obj\stm32f7xx_ll_usb.o(i.USB_GetMode), (10 bytes).
    Removing .\obj\stm32f7xx_ll_usb.o(i.USB_HC_Halt), (378 bytes).
    Removing .\obj\stm32f7xx_ll_usb.o(i.USB_HC_Init), (392 bytes).
    Removing .\obj\stm32f7xx_ll_usb.o(i.USB_HC_ReadInterrupt), (12 bytes).
    Removing .\obj\stm32f7xx_ll_usb.o(i.USB_HC_StartXfer), (412 bytes).
    Removing .\obj\stm32f7xx_ll_usb.o(i.USB_HostInit), (220 bytes).
    Removing .\obj\stm32f7xx_ll_usb.o(i.USB_InitFSLSPClkSel), (62 bytes).
    Removing .\obj\stm32f7xx_ll_usb.o(i.USB_ReadDevAllInEpInterrupt), (18 bytes).
    Removing .\obj\stm32f7xx_ll_usb.o(i.USB_ReadDevAllOutEpInterrupt), (18 bytes).
    Removing .\obj\stm32f7xx_ll_usb.o(i.USB_ReadDevInEPInterrupt), (44 bytes).
    Removing .\obj\stm32f7xx_ll_usb.o(i.USB_ReadDevOutEPInterrupt), (22 bytes).
    Removing .\obj\stm32f7xx_ll_usb.o(i.USB_ReadInterrupts), (12 bytes).
    Removing .\obj\stm32f7xx_ll_usb.o(i.USB_ReadPacket), (40 bytes).
    Removing .\obj\stm32f7xx_ll_usb.o(i.USB_ResetPort), (54 bytes).
    Removing .\obj\stm32f7xx_ll_usb.o(i.USB_SetCurrentMode), (48 bytes).
    Removing .\obj\stm32f7xx_ll_usb.o(i.USB_SetDevAddress), (36 bytes).
    Removing .\obj\stm32f7xx_ll_usb.o(i.USB_SetDevSpeed), (16 bytes).
    Removing .\obj\stm32f7xx_ll_usb.o(i.USB_StopDevice), (82 bytes).
    Removing .\obj\stm32f7xx_ll_usb.o(i.USB_StopHost), (174 bytes).
    Removing .\obj\stm32f7xx_ll_usb.o(i.USB_WritePacket), (58 bytes).
    Removing .\obj\stm32f7xx_ll_usb.o(.data), (8 bytes).
    Removing .\obj\stm32f7xx_ll_utils.o(.rev16_text), (4 bytes).
    Removing .\obj\stm32f7xx_ll_utils.o(.revsh_text), (4 bytes).
    Removing .\obj\stm32f7xx_ll_utils.o(.rrx_text), (6 bytes).
    Removing .\obj\stm32f7xx_ll_utils.o(i.LL_Init1msTick), (28 bytes).
    Removing .\obj\stm32f7xx_ll_utils.o(i.LL_PLL_ConfigSystemClock_HSE), (152 bytes).
    Removing .\obj\stm32f7xx_ll_utils.o(i.LL_PLL_ConfigSystemClock_HSI), (104 bytes).
    Removing .\obj\stm32f7xx_ll_utils.o(i.LL_RCC_HSE_IsReady), (16 bytes).
    Removing .\obj\stm32f7xx_ll_utils.o(i.LL_RCC_HSI_IsReady), (16 bytes).
    Removing .\obj\stm32f7xx_ll_utils.o(i.LL_RCC_PLL_ConfigDomain_SYS), (36 bytes).
    Removing .\obj\stm32f7xx_ll_utils.o(i.LL_RCC_PLL_IsReady), (16 bytes).
    Removing .\obj\stm32f7xx_ll_utils.o(i.LL_SetSystemCoreClock), (12 bytes).
    Removing .\obj\stm32f7xx_ll_utils.o(i.LL_mDelay), (40 bytes).
    Removing .\obj\stm32f7xx_ll_utils.o(i.UTILS_EnablePLLAndSwitchSystem), (212 bytes).
    Removing .\obj\stm32f7xx_ll_utils.o(i.UTILS_GetPLLOutputFrequency), (40 bytes).
    Removing .\obj\stm32f7xx_ll_utils.o(i.UTILS_PLL_IsBusy), (48 bytes).
    Removing .\obj\stm32f7xx_ll_utils.o(i.UTILS_SetFlashLatency), (288 bytes).
    Removing .\obj\stm32f7xx_ll_utils.o(.constdata), (4 bytes).
    Removing .\obj\main.o(.rev16_text), (4 bytes).
    Removing .\obj\main.o(.revsh_text), (4 bytes).
    Removing .\obj\main.o(.rrx_text), (6 bytes).
    Removing .\obj\stm32f7xx_hal_msp.o(.rev16_text), (4 bytes).
    Removing .\obj\stm32f7xx_hal_msp.o(.revsh_text), (4 bytes).
    Removing .\obj\stm32f7xx_hal_msp.o(.rrx_text), (6 bytes).
    Removing .\obj\stm32f7xx_hal_msp.o(i.HAL_MspDeInit), (2 bytes).
    Removing .\obj\stm32f7xx_it.o(.rev16_text), (4 bytes).
    Removing .\obj\stm32f7xx_it.o(.revsh_text), (4 bytes).
    Removing .\obj\stm32f7xx_it.o(.rrx_text), (6 bytes).
    Removing .\obj\system_stm32f7xx.o(.rev16_text), (4 bytes).
    Removing .\obj\system_stm32f7xx.o(.revsh_text), (4 bytes).
    Removing .\obj\system_stm32f7xx.o(.rrx_text), (6 bytes).
    Removing .\obj\system_stm32f7xx.o(i.SystemCoreClockUpdate), (192 bytes).
    Removing .\obj\stm32f7xx_nucleo_144.o(.rev16_text), (4 bytes).
    Removing .\obj\stm32f7xx_nucleo_144.o(.revsh_text), (4 bytes).
    Removing .\obj\stm32f7xx_nucleo_144.o(.rrx_text), (6 bytes).
    Removing .\obj\stm32f7xx_nucleo_144.o(i.ADCx_DeInit), (32 bytes).
    Removing .\obj\stm32f7xx_nucleo_144.o(i.ADCx_Init), (68 bytes).
    Removing .\obj\stm32f7xx_nucleo_144.o(i.ADCx_MspDeInit), (44 bytes).
    Removing .\obj\stm32f7xx_nucleo_144.o(i.ADCx_MspInit), (100 bytes).
    Removing .\obj\stm32f7xx_nucleo_144.o(i.BSP_GetVersion), (6 bytes).
    Removing .\obj\stm32f7xx_nucleo_144.o(i.BSP_JOY_DeInit), (8 bytes).
    Removing .\obj\stm32f7xx_nucleo_144.o(i.BSP_JOY_GetState), (148 bytes).
    Removing .\obj\stm32f7xx_nucleo_144.o(i.BSP_JOY_Init), (44 bytes).
    Removing .\obj\stm32f7xx_nucleo_144.o(i.BSP_LED_DeInit), (56 bytes).
    Removing .\obj\stm32f7xx_nucleo_144.o(i.BSP_LED_Init), (136 bytes).
    Removing .\obj\stm32f7xx_nucleo_144.o(i.BSP_LED_Off), (32 bytes).
    Removing .\obj\stm32f7xx_nucleo_144.o(i.BSP_LED_On), (32 bytes).
    Removing .\obj\stm32f7xx_nucleo_144.o(i.BSP_LED_Toggle), (32 bytes).
    Removing .\obj\stm32f7xx_nucleo_144.o(i.BSP_PB_DeInit), (52 bytes).
    Removing .\obj\stm32f7xx_nucleo_144.o(i.BSP_PB_GetState), (32 bytes).
    Removing .\obj\stm32f7xx_nucleo_144.o(i.BSP_PB_Init), (152 bytes).
    Removing .\obj\stm32f7xx_nucleo_144.o(i.LCD_Delay), (12 bytes).
    Removing .\obj\stm32f7xx_nucleo_144.o(i.LCD_IO_Init), (128 bytes).
    Removing .\obj\stm32f7xx_nucleo_144.o(i.LCD_IO_WriteData), (52 bytes).
    Removing .\obj\stm32f7xx_nucleo_144.o(i.LCD_IO_WriteMultipleData), (160 bytes).
    Removing .\obj\stm32f7xx_nucleo_144.o(i.LCD_IO_WriteReg), (56 bytes).
    Removing .\obj\stm32f7xx_nucleo_144.o(i.SD_IO_CSState), (40 bytes).
    Removing .\obj\stm32f7xx_nucleo_144.o(i.SD_IO_Init), (168 bytes).
    Removing .\obj\stm32f7xx_nucleo_144.o(i.SD_IO_WriteByte), (20 bytes).
    Removing .\obj\stm32f7xx_nucleo_144.o(i.SD_IO_WriteReadData), (20 bytes).
    Removing .\obj\stm32f7xx_nucleo_144.o(i.SPIx_Error), (20 bytes).
    Removing .\obj\stm32f7xx_nucleo_144.o(i.SPIx_Init), (92 bytes).
    Removing .\obj\stm32f7xx_nucleo_144.o(i.SPIx_MspInit), (168 bytes).
    Removing .\obj\stm32f7xx_nucleo_144.o(i.SPIx_Write), (44 bytes).
    Removing .\obj\stm32f7xx_nucleo_144.o(i.SPIx_WriteReadData), (48 bytes).
    Removing .\obj\stm32f7xx_nucleo_144.o(.bss), (188 bytes).
    Removing .\obj\stm32f7xx_nucleo_144.o(.constdata), (9 bytes).
    Removing .\obj\stm32f7xx_nucleo_144.o(.data), (20 bytes).

1815 unused section(s) (total 172521 bytes) removed from the image.

==============================================================================

Image Symbol Table

    Local Symbols

    Symbol Name                              Value     Ov Type        Size  Object(Section)

    ../clib/microlib/init/entry.s            0x00000000   Number         0  C:\Keil_v5\ARM\ARMCC\Bin\..\lib\armlib\mc_w.l(entry10a.o) ABSOLUTE
    ../clib/microlib/init/entry.s            0x00000000   Number         0  C:\Keil_v5\ARM\ARMCC\Bin\..\lib\armlib\mc_w.l(entry2.o) ABSOLUTE
    ../clib/microlib/init/entry.s            0x00000000   Number         0  C:\Keil_v5\ARM\ARMCC\Bin\..\lib\armlib\mc_w.l(entry7a.o) ABSOLUTE
    ../clib/microlib/init/entry.s            0x00000000   Number         0  C:\Keil_v5\ARM\ARMCC\Bin\..\lib\armlib\mc_w.l(entry9b.o) ABSOLUTE
    ../clib/microlib/init/entry.s            0x00000000   Number         0  C:\Keil_v5\ARM\ARMCC\Bin\..\lib\armlib\mc_w.l(entry9a.o) ABSOLUTE
    ../clib/microlib/init/entry.s            0x00000000   Number         0  C:\Keil_v5\ARM\ARMCC\Bin\..\lib\armlib\mc_w.l(entry5.o) ABSOLUTE
    ../clib/microlib/init/entry.s            0x00000000   Number         0  C:\Keil_v5\ARM\ARMCC\Bin\..\lib\armlib\mc_w.l(entry8b.o) ABSOLUTE
    ../clib/microlib/init/entry.s            0x00000000   Number         0  C:\Keil_v5\ARM\ARMCC\Bin\..\lib\armlib\mc_w.l(entry8a.o) ABSOLUTE
    ../clib/microlib/init/entry.s            0x00000000   Number         0  C:\Keil_v5\ARM\ARMCC\Bin\..\lib\armlib\mc_w.l(entry10b.o) ABSOLUTE
    ../clib/microlib/init/entry.s            0x00000000   Number         0  C:\Keil_v5\ARM\ARMCC\Bin\..\lib\armlib\mc_w.l(entry11a.o) ABSOLUTE
    ../clib/microlib/init/entry.s            0x00000000   Number         0  C:\Keil_v5\ARM\ARMCC\Bin\..\lib\armlib\mc_w.l(entry11b.o) ABSOLUTE
    ../clib/microlib/init/entry.s            0x00000000   Number         0  C:\Keil_v5\ARM\ARMCC\Bin\..\lib\armlib\mc_w.l(entry7b.o) ABSOLUTE
    ../clib/microlib/init/entry.s            0x00000000   Number         0  C:\Keil_v5\ARM\ARMCC\Bin\..\lib\armlib\mc_w.l(entry.o) ABSOLUTE
    ../clib/microlib/string/memcpy.c         0x00000000   Number         0  C:\Keil_v5\ARM\ARMCC\Bin\..\lib\armlib\mc_w.l(memcpya.o) ABSOLUTE
    ../clib/microlib/string/memcpy.c         0x00000000   Number         0  C:\Keil_v5\ARM\ARMCC\Bin\..\lib\armlib\mc_w.l(memcpyb.o) ABSOLUTE
    CORE\startup_stm32f767xx.s               0x00000000   Number         0  .\obj\startup_stm32f767xx.o ABSOLUTE
    HALLIB\Src\stm32f7xx_hal.c               0x00000000   Number         0  .\obj\stm32f7xx_hal.o ABSOLUTE
    HALLIB\Src\stm32f7xx_hal_adc.c           0x00000000   Number         0  .\obj\stm32f7xx_hal_adc.o ABSOLUTE
    HALLIB\Src\stm32f7xx_hal_adc_ex.c        0x00000000   Number         0  .\obj\stm32f7xx_hal_adc_ex.o ABSOLUTE
    HALLIB\Src\stm32f7xx_hal_can.c           0x00000000   Number         0  .\obj\stm32f7xx_hal_can.o ABSOLUTE
    HALLIB\Src\stm32f7xx_hal_cec.c           0x00000000   Number         0  .\obj\stm32f7xx_hal_cec.o ABSOLUTE
    HALLIB\Src\stm32f7xx_hal_cortex.c        0x00000000   Number         0  .\obj\stm32f7xx_hal_cortex.o ABSOLUTE
    HALLIB\Src\stm32f7xx_hal_crc.c           0x00000000   Number         0  .\obj\stm32f7xx_hal_crc.o ABSOLUTE
    HALLIB\Src\stm32f7xx_hal_crc_ex.c        0x00000000   Number         0  .\obj\stm32f7xx_hal_crc_ex.o ABSOLUTE
    HALLIB\Src\stm32f7xx_hal_cryp.c          0x00000000   Number         0  .\obj\stm32f7xx_hal_cryp.o ABSOLUTE
    HALLIB\Src\stm32f7xx_hal_cryp_ex.c       0x00000000   Number         0  .\obj\stm32f7xx_hal_cryp_ex.o ABSOLUTE
    HALLIB\Src\stm32f7xx_hal_dac.c           0x00000000   Number         0  .\obj\stm32f7xx_hal_dac.o ABSOLUTE
    HALLIB\Src\stm32f7xx_hal_dac_ex.c        0x00000000   Number         0  .\obj\stm32f7xx_hal_dac_ex.o ABSOLUTE
    HALLIB\Src\stm32f7xx_hal_dcmi.c          0x00000000   Number         0  .\obj\stm32f7xx_hal_dcmi.o ABSOLUTE
    HALLIB\Src\stm32f7xx_hal_dcmi_ex.c       0x00000000   Number         0  .\obj\stm32f7xx_hal_dcmi_ex.o ABSOLUTE
    HALLIB\Src\stm32f7xx_hal_dfsdm.c         0x00000000   Number         0  .\obj\stm32f7xx_hal_dfsdm.o ABSOLUTE
    HALLIB\Src\stm32f7xx_hal_dma.c           0x00000000   Number         0  .\obj\stm32f7xx_hal_dma.o ABSOLUTE
    HALLIB\Src\stm32f7xx_hal_dma2d.c         0x00000000   Number         0  .\obj\stm32f7xx_hal_dma2d.o ABSOLUTE
    HALLIB\Src\stm32f7xx_hal_dma_ex.c        0x00000000   Number         0  .\obj\stm32f7xx_hal_dma_ex.o ABSOLUTE
    HALLIB\Src\stm32f7xx_hal_dsi.c           0x00000000   Number         0  .\obj\stm32f7xx_hal_dsi.o ABSOLUTE
    HALLIB\Src\stm32f7xx_hal_eth.c           0x00000000   Number         0  .\obj\stm32f7xx_hal_eth.o ABSOLUTE
    HALLIB\Src\stm32f7xx_hal_flash.c         0x00000000   Number         0  .\obj\stm32f7xx_hal_flash.o ABSOLUTE
    HALLIB\Src\stm32f7xx_hal_flash_ex.c      0x00000000   Number         0  .\obj\stm32f7xx_hal_flash_ex.o ABSOLUTE
    HALLIB\Src\stm32f7xx_hal_gpio.c          0x00000000   Number         0  .\obj\stm32f7xx_hal_gpio.o ABSOLUTE
    HALLIB\Src\stm32f7xx_hal_hash.c          0x00000000   Number         0  .\obj\stm32f7xx_hal_hash.o ABSOLUTE
    HALLIB\Src\stm32f7xx_hal_hash_ex.c       0x00000000   Number         0  .\obj\stm32f7xx_hal_hash_ex.o ABSOLUTE
    HALLIB\Src\stm32f7xx_hal_hcd.c           0x00000000   Number         0  .\obj\stm32f7xx_hal_hcd.o ABSOLUTE
    HALLIB\Src\stm32f7xx_hal_i2c.c           0x00000000   Number         0  .\obj\stm32f7xx_hal_i2c.o ABSOLUTE
    HALLIB\Src\stm32f7xx_hal_i2c_ex.c        0x00000000   Number         0  .\obj\stm32f7xx_hal_i2c_ex.o ABSOLUTE
    HALLIB\Src\stm32f7xx_hal_i2s.c           0x00000000   Number         0  .\obj\stm32f7xx_hal_i2s.o ABSOLUTE
    HALLIB\Src\stm32f7xx_hal_irda.c          0x00000000   Number         0  .\obj\stm32f7xx_hal_irda.o ABSOLUTE
    HALLIB\Src\stm32f7xx_hal_iwdg.c          0x00000000   Number         0  .\obj\stm32f7xx_hal_iwdg.o ABSOLUTE
    HALLIB\Src\stm32f7xx_hal_jpeg.c          0x00000000   Number         0  .\obj\stm32f7xx_hal_jpeg.o ABSOLUTE
    HALLIB\Src\stm32f7xx_hal_lptim.c         0x00000000   Number         0  .\obj\stm32f7xx_hal_lptim.o ABSOLUTE
    HALLIB\Src\stm32f7xx_hal_ltdc.c          0x00000000   Number         0  .\obj\stm32f7xx_hal_ltdc.o ABSOLUTE
    HALLIB\Src\stm32f7xx_hal_ltdc_ex.c       0x00000000   Number         0  .\obj\stm32f7xx_hal_ltdc_ex.o ABSOLUTE
    HALLIB\Src\stm32f7xx_hal_mdios.c         0x00000000   Number         0  .\obj\stm32f7xx_hal_mdios.o ABSOLUTE
    HALLIB\Src\stm32f7xx_hal_mmc.c           0x00000000   Number         0  .\obj\stm32f7xx_hal_mmc.o ABSOLUTE
    HALLIB\Src\stm32f7xx_hal_nand.c          0x00000000   Number         0  .\obj\stm32f7xx_hal_nand.o ABSOLUTE
    HALLIB\Src\stm32f7xx_hal_nor.c           0x00000000   Number         0  .\obj\stm32f7xx_hal_nor.o ABSOLUTE
    HALLIB\Src\stm32f7xx_hal_pcd.c           0x00000000   Number         0  .\obj\stm32f7xx_hal_pcd.o ABSOLUTE
    HALLIB\Src\stm32f7xx_hal_pcd_ex.c        0x00000000   Number         0  .\obj\stm32f7xx_hal_pcd_ex.o ABSOLUTE
    HALLIB\Src\stm32f7xx_hal_pwr.c           0x00000000   Number         0  .\obj\stm32f7xx_hal_pwr.o ABSOLUTE
    HALLIB\Src\stm32f7xx_hal_pwr_ex.c        0x00000000   Number         0  .\obj\stm32f7xx_hal_pwr_ex.o ABSOLUTE
    HALLIB\Src\stm32f7xx_hal_qspi.c          0x00000000   Number         0  .\obj\stm32f7xx_hal_qspi.o ABSOLUTE
    HALLIB\Src\stm32f7xx_hal_rcc.c           0x00000000   Number         0  .\obj\stm32f7xx_hal_rcc.o ABSOLUTE
    HALLIB\Src\stm32f7xx_hal_rcc_ex.c        0x00000000   Number         0  .\obj\stm32f7xx_hal_rcc_ex.o ABSOLUTE
    HALLIB\Src\stm32f7xx_hal_rng.c           0x00000000   Number         0  .\obj\stm32f7xx_hal_rng.o ABSOLUTE
    HALLIB\Src\stm32f7xx_hal_rtc.c           0x00000000   Number         0  .\obj\stm32f7xx_hal_rtc.o ABSOLUTE
    HALLIB\Src\stm32f7xx_hal_rtc_ex.c        0x00000000   Number         0  .\obj\stm32f7xx_hal_rtc_ex.o ABSOLUTE
    HALLIB\Src\stm32f7xx_hal_sai.c           0x00000000   Number         0  .\obj\stm32f7xx_hal_sai.o ABSOLUTE
    HALLIB\Src\stm32f7xx_hal_sai_ex.c        0x00000000   Number         0  .\obj\stm32f7xx_hal_sai_ex.o ABSOLUTE
    HALLIB\Src\stm32f7xx_hal_sd.c            0x00000000   Number         0  .\obj\stm32f7xx_hal_sd.o ABSOLUTE
    HALLIB\Src\stm32f7xx_hal_sdram.c         0x00000000   Number         0  .\obj\stm32f7xx_hal_sdram.o ABSOLUTE
    HALLIB\Src\stm32f7xx_hal_smartcard.c     0x00000000   Number         0  .\obj\stm32f7xx_hal_smartcard.o ABSOLUTE
    HALLIB\Src\stm32f7xx_hal_smartcard_ex.c  0x00000000   Number         0  .\obj\stm32f7xx_hal_smartcard_ex.o ABSOLUTE
    HALLIB\Src\stm32f7xx_hal_smbus.c         0x00000000   Number         0  .\obj\stm32f7xx_hal_smbus.o ABSOLUTE
    HALLIB\Src\stm32f7xx_hal_spdifrx.c       0x00000000   Number         0  .\obj\stm32f7xx_hal_spdifrx.o ABSOLUTE
    HALLIB\Src\stm32f7xx_hal_spi.c           0x00000000   Number         0  .\obj\stm32f7xx_hal_spi.o ABSOLUTE
    HALLIB\Src\stm32f7xx_hal_sram.c          0x00000000   Number         0  .\obj\stm32f7xx_hal_sram.o ABSOLUTE
    HALLIB\Src\stm32f7xx_hal_tim.c           0x00000000   Number         0  .\obj\stm32f7xx_hal_tim.o ABSOLUTE
    HALLIB\Src\stm32f7xx_hal_tim_ex.c        0x00000000   Number         0  .\obj\stm32f7xx_hal_tim_ex.o ABSOLUTE
    HALLIB\Src\stm32f7xx_hal_uart.c          0x00000000   Number         0  .\obj\stm32f7xx_hal_uart.o ABSOLUTE
    HALLIB\Src\stm32f7xx_hal_usart.c         0x00000000   Number         0  .\obj\stm32f7xx_hal_usart.o ABSOLUTE
    HALLIB\Src\stm32f7xx_hal_wwdg.c          0x00000000   Number         0  .\obj\stm32f7xx_hal_wwdg.o ABSOLUTE
    HALLIB\Src\stm32f7xx_ll_adc.c            0x00000000   Number         0  .\obj\stm32f7xx_ll_adc.o ABSOLUTE
    HALLIB\Src\stm32f7xx_ll_crc.c            0x00000000   Number         0  .\obj\stm32f7xx_ll_crc.o ABSOLUTE
    HALLIB\Src\stm32f7xx_ll_dac.c            0x00000000   Number         0  .\obj\stm32f7xx_ll_dac.o ABSOLUTE
    HALLIB\Src\stm32f7xx_ll_dma.c            0x00000000   Number         0  .\obj\stm32f7xx_ll_dma.o ABSOLUTE
    HALLIB\Src\stm32f7xx_ll_dma2d.c          0x00000000   Number         0  .\obj\stm32f7xx_ll_dma2d.o ABSOLUTE
    HALLIB\Src\stm32f7xx_ll_exti.c           0x00000000   Number         0  .\obj\stm32f7xx_ll_exti.o ABSOLUTE
    HALLIB\Src\stm32f7xx_ll_fmc.c            0x00000000   Number         0  .\obj\stm32f7xx_ll_fmc.o ABSOLUTE
    HALLIB\Src\stm32f7xx_ll_gpio.c           0x00000000   Number         0  .\obj\stm32f7xx_ll_gpio.o ABSOLUTE
    HALLIB\Src\stm32f7xx_ll_i2c.c            0x00000000   Number         0  .\obj\stm32f7xx_ll_i2c.o ABSOLUTE
    HALLIB\Src\stm32f7xx_ll_lptim.c          0x00000000   Number         0  .\obj\stm32f7xx_ll_lptim.o ABSOLUTE
    HALLIB\Src\stm32f7xx_ll_pwr.c            0x00000000   Number         0  .\obj\stm32f7xx_ll_pwr.o ABSOLUTE
    HALLIB\Src\stm32f7xx_ll_rcc.c            0x00000000   Number         0  .\obj\stm32f7xx_ll_rcc.o ABSOLUTE
    HALLIB\Src\stm32f7xx_ll_rng.c            0x00000000   Number         0  .\obj\stm32f7xx_ll_rng.o ABSOLUTE
    HALLIB\Src\stm32f7xx_ll_rtc.c            0x00000000   Number         0  .\obj\stm32f7xx_ll_rtc.o ABSOLUTE
    HALLIB\Src\stm32f7xx_ll_sdmmc.c          0x00000000   Number         0  .\obj\stm32f7xx_ll_sdmmc.o ABSOLUTE
    HALLIB\Src\stm32f7xx_ll_spi.c            0x00000000   Number         0  .\obj\stm32f7xx_ll_spi.o ABSOLUTE
    HALLIB\Src\stm32f7xx_ll_tim.c            0x00000000   Number         0  .\obj\stm32f7xx_ll_tim.o ABSOLUTE
    HALLIB\Src\stm32f7xx_ll_usart.c          0x00000000   Number         0  .\obj\stm32f7xx_ll_usart.o ABSOLUTE
    HALLIB\Src\stm32f7xx_ll_usb.c            0x00000000   Number         0  .\obj\stm32f7xx_ll_usb.o ABSOLUTE
    HALLIB\Src\stm32f7xx_ll_utils.c          0x00000000   Number         0  .\obj\stm32f7xx_ll_utils.o ABSOLUTE
    HALLIB\\Src\\stm32f7xx_hal.c             0x00000000   Number         0  .\obj\stm32f7xx_hal.o ABSOLUTE
    HALLIB\\Src\\stm32f7xx_hal_adc.c         0x00000000   Number         0  .\obj\stm32f7xx_hal_adc.o ABSOLUTE
    HALLIB\\Src\\stm32f7xx_hal_adc_ex.c      0x00000000   Number         0  .\obj\stm32f7xx_hal_adc_ex.o ABSOLUTE
    HALLIB\\Src\\stm32f7xx_hal_can.c         0x00000000   Number         0  .\obj\stm32f7xx_hal_can.o ABSOLUTE
    HALLIB\\Src\\stm32f7xx_hal_cec.c         0x00000000   Number         0  .\obj\stm32f7xx_hal_cec.o ABSOLUTE
    HALLIB\\Src\\stm32f7xx_hal_cortex.c      0x00000000   Number         0  .\obj\stm32f7xx_hal_cortex.o ABSOLUTE
    HALLIB\\Src\\stm32f7xx_hal_crc.c         0x00000000   Number         0  .\obj\stm32f7xx_hal_crc.o ABSOLUTE
    HALLIB\\Src\\stm32f7xx_hal_crc_ex.c      0x00000000   Number         0  .\obj\stm32f7xx_hal_crc_ex.o ABSOLUTE
    HALLIB\\Src\\stm32f7xx_hal_cryp.c        0x00000000   Number         0  .\obj\stm32f7xx_hal_cryp.o ABSOLUTE
    HALLIB\\Src\\stm32f7xx_hal_cryp_ex.c     0x00000000   Number         0  .\obj\stm32f7xx_hal_cryp_ex.o ABSOLUTE
    HALLIB\\Src\\stm32f7xx_hal_dac.c         0x00000000   Number         0  .\obj\stm32f7xx_hal_dac.o ABSOLUTE
    HALLIB\\Src\\stm32f7xx_hal_dac_ex.c      0x00000000   Number         0  .\obj\stm32f7xx_hal_dac_ex.o ABSOLUTE
    HALLIB\\Src\\stm32f7xx_hal_dcmi.c        0x00000000   Number         0  .\obj\stm32f7xx_hal_dcmi.o ABSOLUTE
    HALLIB\\Src\\stm32f7xx_hal_dcmi_ex.c     0x00000000   Number         0  .\obj\stm32f7xx_hal_dcmi_ex.o ABSOLUTE
    HALLIB\\Src\\stm32f7xx_hal_dfsdm.c       0x00000000   Number         0  .\obj\stm32f7xx_hal_dfsdm.o ABSOLUTE
    HALLIB\\Src\\stm32f7xx_hal_dma.c         0x00000000   Number         0  .\obj\stm32f7xx_hal_dma.o ABSOLUTE
    HALLIB\\Src\\stm32f7xx_hal_dma2d.c       0x00000000   Number         0  .\obj\stm32f7xx_hal_dma2d.o ABSOLUTE
    HALLIB\\Src\\stm32f7xx_hal_dma_ex.c      0x00000000   Number         0  .\obj\stm32f7xx_hal_dma_ex.o ABSOLUTE
    HALLIB\\Src\\stm32f7xx_hal_dsi.c         0x00000000   Number         0  .\obj\stm32f7xx_hal_dsi.o ABSOLUTE
    HALLIB\\Src\\stm32f7xx_hal_eth.c         0x00000000   Number         0  .\obj\stm32f7xx_hal_eth.o ABSOLUTE
    HALLIB\\Src\\stm32f7xx_hal_flash.c       0x00000000   Number         0  .\obj\stm32f7xx_hal_flash.o ABSOLUTE
    HALLIB\\Src\\stm32f7xx_hal_flash_ex.c    0x00000000   Number         0  .\obj\stm32f7xx_hal_flash_ex.o ABSOLUTE
    HALLIB\\Src\\stm32f7xx_hal_gpio.c        0x00000000   Number         0  .\obj\stm32f7xx_hal_gpio.o ABSOLUTE
    HALLIB\\Src\\stm32f7xx_hal_hash.c        0x00000000   Number         0  .\obj\stm32f7xx_hal_hash.o ABSOLUTE
    HALLIB\\Src\\stm32f7xx_hal_hash_ex.c     0x00000000   Number         0  .\obj\stm32f7xx_hal_hash_ex.o ABSOLUTE
    HALLIB\\Src\\stm32f7xx_hal_hcd.c         0x00000000   Number         0  .\obj\stm32f7xx_hal_hcd.o ABSOLUTE
    HALLIB\\Src\\stm32f7xx_hal_i2c.c         0x00000000   Number         0  .\obj\stm32f7xx_hal_i2c.o ABSOLUTE
    HALLIB\\Src\\stm32f7xx_hal_i2c_ex.c      0x00000000   Number         0  .\obj\stm32f7xx_hal_i2c_ex.o ABSOLUTE
    HALLIB\\Src\\stm32f7xx_hal_i2s.c         0x00000000   Number         0  .\obj\stm32f7xx_hal_i2s.o ABSOLUTE
    HALLIB\\Src\\stm32f7xx_hal_irda.c        0x00000000   Number         0  .\obj\stm32f7xx_hal_irda.o ABSOLUTE
    HALLIB\\Src\\stm32f7xx_hal_iwdg.c        0x00000000   Number         0  .\obj\stm32f7xx_hal_iwdg.o ABSOLUTE
    HALLIB\\Src\\stm32f7xx_hal_jpeg.c        0x00000000   Number         0  .\obj\stm32f7xx_hal_jpeg.o ABSOLUTE
    HALLIB\\Src\\stm32f7xx_hal_lptim.c       0x00000000   Number         0  .\obj\stm32f7xx_hal_lptim.o ABSOLUTE
    HALLIB\\Src\\stm32f7xx_hal_ltdc.c        0x00000000   Number         0  .\obj\stm32f7xx_hal_ltdc.o ABSOLUTE
    HALLIB\\Src\\stm32f7xx_hal_ltdc_ex.c     0x00000000   Number         0  .\obj\stm32f7xx_hal_ltdc_ex.o ABSOLUTE
    HALLIB\\Src\\stm32f7xx_hal_mdios.c       0x00000000   Number         0  .\obj\stm32f7xx_hal_mdios.o ABSOLUTE
    HALLIB\\Src\\stm32f7xx_hal_mmc.c         0x00000000   Number         0  .\obj\stm32f7xx_hal_mmc.o ABSOLUTE
    HALLIB\\Src\\stm32f7xx_hal_nand.c        0x00000000   Number         0  .\obj\stm32f7xx_hal_nand.o ABSOLUTE
    HALLIB\\Src\\stm32f7xx_hal_nor.c         0x00000000   Number         0  .\obj\stm32f7xx_hal_nor.o ABSOLUTE
    HALLIB\\Src\\stm32f7xx_hal_pcd.c         0x00000000   Number         0  .\obj\stm32f7xx_hal_pcd.o ABSOLUTE
    HALLIB\\Src\\stm32f7xx_hal_pcd_ex.c      0x00000000   Number         0  .\obj\stm32f7xx_hal_pcd_ex.o ABSOLUTE
    HALLIB\\Src\\stm32f7xx_hal_pwr.c         0x00000000   Number         0  .\obj\stm32f7xx_hal_pwr.o ABSOLUTE
    HALLIB\\Src\\stm32f7xx_hal_pwr_ex.c      0x00000000   Number         0  .\obj\stm32f7xx_hal_pwr_ex.o ABSOLUTE
    HALLIB\\Src\\stm32f7xx_hal_qspi.c        0x00000000   Number         0  .\obj\stm32f7xx_hal_qspi.o ABSOLUTE
    HALLIB\\Src\\stm32f7xx_hal_rcc.c         0x00000000   Number         0  .\obj\stm32f7xx_hal_rcc.o ABSOLUTE
    HALLIB\\Src\\stm32f7xx_hal_rcc_ex.c      0x00000000   Number         0  .\obj\stm32f7xx_hal_rcc_ex.o ABSOLUTE
    HALLIB\\Src\\stm32f7xx_hal_rng.c         0x00000000   Number         0  .\obj\stm32f7xx_hal_rng.o ABSOLUTE
    HALLIB\\Src\\stm32f7xx_hal_rtc.c         0x00000000   Number         0  .\obj\stm32f7xx_hal_rtc.o ABSOLUTE
    HALLIB\\Src\\stm32f7xx_hal_rtc_ex.c      0x00000000   Number         0  .\obj\stm32f7xx_hal_rtc_ex.o ABSOLUTE
    HALLIB\\Src\\stm32f7xx_hal_sai.c         0x00000000   Number         0  .\obj\stm32f7xx_hal_sai.o ABSOLUTE
    HALLIB\\Src\\stm32f7xx_hal_sai_ex.c      0x00000000   Number         0  .\obj\stm32f7xx_hal_sai_ex.o ABSOLUTE
    HALLIB\\Src\\stm32f7xx_hal_sd.c          0x00000000   Number         0  .\obj\stm32f7xx_hal_sd.o ABSOLUTE
    HALLIB\\Src\\stm32f7xx_hal_sdram.c       0x00000000   Number         0  .\obj\stm32f7xx_hal_sdram.o ABSOLUTE
    HALLIB\\Src\\stm32f7xx_hal_smartcard.c   0x00000000   Number         0  .\obj\stm32f7xx_hal_smartcard.o ABSOLUTE
    HALLIB\\Src\\stm32f7xx_hal_smartcard_ex.c 0x00000000   Number         0  .\obj\stm32f7xx_hal_smartcard_ex.o ABSOLUTE
    HALLIB\\Src\\stm32f7xx_hal_smbus.c       0x00000000   Number         0  .\obj\stm32f7xx_hal_smbus.o ABSOLUTE
    HALLIB\\Src\\stm32f7xx_hal_spdifrx.c     0x00000000   Number         0  .\obj\stm32f7xx_hal_spdifrx.o ABSOLUTE
    HALLIB\\Src\\stm32f7xx_hal_spi.c         0x00000000   Number         0  .\obj\stm32f7xx_hal_spi.o ABSOLUTE
    HALLIB\\Src\\stm32f7xx_hal_sram.c        0x00000000   Number         0  .\obj\stm32f7xx_hal_sram.o ABSOLUTE
    HALLIB\\Src\\stm32f7xx_hal_tim.c         0x00000000   Number         0  .\obj\stm32f7xx_hal_tim.o ABSOLUTE
    HALLIB\\Src\\stm32f7xx_hal_tim_ex.c      0x00000000   Number         0  .\obj\stm32f7xx_hal_tim_ex.o ABSOLUTE
    HALLIB\\Src\\stm32f7xx_hal_uart.c        0x00000000   Number         0  .\obj\stm32f7xx_hal_uart.o ABSOLUTE
    HALLIB\\Src\\stm32f7xx_hal_usart.c       0x00000000   Number         0  .\obj\stm32f7xx_hal_usart.o ABSOLUTE
    HALLIB\\Src\\stm32f7xx_hal_wwdg.c        0x00000000   Number         0  .\obj\stm32f7xx_hal_wwdg.o ABSOLUTE
    HALLIB\\Src\\stm32f7xx_ll_fmc.c          0x00000000   Number         0  .\obj\stm32f7xx_ll_fmc.o ABSOLUTE
    HALLIB\\Src\\stm32f7xx_ll_sdmmc.c        0x00000000   Number         0  .\obj\stm32f7xx_ll_sdmmc.o ABSOLUTE
    HALLIB\\Src\\stm32f7xx_ll_usb.c          0x00000000   Number         0  .\obj\stm32f7xx_ll_usb.o ABSOLUTE
    HALLIB\\Src\\stm32f7xx_ll_utils.c        0x00000000   Number         0  .\obj\stm32f7xx_ll_utils.o ABSOLUTE
    USER\Src\main.c                          0x00000000   Number         0  .\obj\main.o ABSOLUTE
    USER\Src\stm32f7xx_hal_msp.c             0x00000000   Number         0  .\obj\stm32f7xx_hal_msp.o ABSOLUTE
    USER\Src\stm32f7xx_it.c                  0x00000000   Number         0  .\obj\stm32f7xx_it.o ABSOLUTE
    USER\Src\stm32f7xx_nucleo_144.c          0x00000000   Number         0  .\obj\stm32f7xx_nucleo_144.o ABSOLUTE
    USER\Src\system_stm32f7xx.c              0x00000000   Number         0  .\obj\system_stm32f7xx.o ABSOLUTE
    USER\\Src\\main.c                        0x00000000   Number         0  .\obj\main.o ABSOLUTE
    USER\\Src\\stm32f7xx_hal_msp.c           0x00000000   Number         0  .\obj\stm32f7xx_hal_msp.o ABSOLUTE
    USER\\Src\\stm32f7xx_it.c                0x00000000   Number         0  .\obj\stm32f7xx_it.o ABSOLUTE
    USER\\Src\\stm32f7xx_nucleo_144.c        0x00000000   Number         0  .\obj\stm32f7xx_nucleo_144.o ABSOLUTE
    USER\\Src\\system_stm32f7xx.c            0x00000000   Number         0  .\obj\system_stm32f7xx.o ABSOLUTE
    dc.s                                     0x00000000   Number         0  C:\Keil_v5\ARM\ARMCC\Bin\..\lib\armlib\mc_w.l(dc.o) ABSOLUTE
    handlers.s                               0x00000000   Number         0  C:\Keil_v5\ARM\ARMCC\Bin\..\lib\armlib\mc_w.l(handlers.o) ABSOLUTE
    init.s                                   0x00000000   Number         0  C:\Keil_v5\ARM\ARMCC\Bin\..\lib\armlib\mc_w.l(init.o) ABSOLUTE
    RESET                                    0x08000000   Section      504  .\obj\startup_stm32f767xx.o(RESET)
    .ARM.Collect$$$$00000000                 0x080001f8   Section        0  C:\Keil_v5\ARM\ARMCC\Bin\..\lib\armlib\mc_w.l(entry.o)(.ARM.Collect$$$$00000000)
    .ARM.Collect$$$$00000001                 0x080001f8   Section        4  C:\Keil_v5\ARM\ARMCC\Bin\..\lib\armlib\mc_w.l(entry2.o)(.ARM.Collect$$$$00000001)
    .ARM.Collect$$$$00000004                 0x080001fc   Section        4  C:\Keil_v5\ARM\ARMCC\Bin\..\lib\armlib\mc_w.l(entry5.o)(.ARM.Collect$$$$00000004)
    .ARM.Collect$$$$00000008                 0x08000200   Section        0  C:\Keil_v5\ARM\ARMCC\Bin\..\lib\armlib\mc_w.l(entry7b.o)(.ARM.Collect$$$$00000008)
    .ARM.Collect$$$$0000000A                 0x08000200   Section        0  C:\Keil_v5\ARM\ARMCC\Bin\..\lib\armlib\mc_w.l(entry8b.o)(.ARM.Collect$$$$0000000A)
    .ARM.Collect$$$$0000000B                 0x08000200   Section        8  C:\Keil_v5\ARM\ARMCC\Bin\..\lib\armlib\mc_w.l(entry9a.o)(.ARM.Collect$$$$0000000B)
    .ARM.Collect$$$$0000000D                 0x08000208   Section        0  C:\Keil_v5\ARM\ARMCC\Bin\..\lib\armlib\mc_w.l(entry10a.o)(.ARM.Collect$$$$0000000D)
    .ARM.Collect$$$$0000000F                 0x08000208   Section        0  C:\Keil_v5\ARM\ARMCC\Bin\..\lib\armlib\mc_w.l(entry11a.o)(.ARM.Collect$$$$0000000F)
    .ARM.Collect$$$$00002712                 0x08000208   Section        4  C:\Keil_v5\ARM\ARMCC\Bin\..\lib\armlib\mc_w.l(entry2.o)(.ARM.Collect$$$$00002712)
    __lit__00000000                          0x08000208   Data           4  C:\Keil_v5\ARM\ARMCC\Bin\..\lib\armlib\mc_w.l(entry2.o)(.ARM.Collect$$$$00002712)
    .text                                    0x0800020c   Section       36  .\obj\startup_stm32f767xx.o(.text)
    $v0                                      0x0800020c   Number         0  .\obj\startup_stm32f767xx.o(.text)
    .text                                    0x08000230   Section       36  C:\Keil_v5\ARM\ARMCC\Bin\..\lib\armlib\mc_w.l(init.o)(.text)
    i.BusFault_Handler                       0x08000254   Section        0  .\obj\stm32f7xx_it.o(i.BusFault_Handler)
    i.CPU_CACHE_Enable                       0x08000258   Section        0  .\obj\main.o(i.CPU_CACHE_Enable)
    CPU_CACHE_Enable                         0x08000259   Thumb Code    96  .\obj\main.o(i.CPU_CACHE_Enable)
    i.DebugMon_Handler                       0x080002c0   Section        0  .\obj\stm32f7xx_it.o(i.DebugMon_Handler)
    i.Error_Handler                          0x080002c2   Section        0  .\obj\main.o(i.Error_Handler)
    Error_Handler                            0x080002c3   Thumb Code     4  .\obj\main.o(i.Error_Handler)
    i.HAL_Delay                              0x080002c6   Section        0  .\obj\stm32f7xx_hal.o(i.HAL_Delay)
    i.HAL_GPIO_Init                          0x080002e0   Section        0  .\obj\stm32f7xx_hal_gpio.o(i.HAL_GPIO_Init)
    i.HAL_GPIO_TogglePin                     0x080004f8   Section        0  .\obj\stm32f7xx_hal_gpio.o(i.HAL_GPIO_TogglePin)
    i.HAL_GPIO_WritePin                      0x08000500   Section        0  .\obj\stm32f7xx_hal_gpio.o(i.HAL_GPIO_WritePin)
    i.HAL_GetTick                            0x0800050c   Section        0  .\obj\stm32f7xx_hal.o(i.HAL_GetTick)
    i.HAL_IncTick                            0x08000518   Section        0  .\obj\stm32f7xx_hal.o(i.HAL_IncTick)
    i.HAL_Init                               0x08000528   Section        0  .\obj\stm32f7xx_hal.o(i.HAL_Init)
    i.HAL_InitTick                           0x08000550   Section        0  .\obj\stm32f7xx_hal.o(i.HAL_InitTick)
    i.HAL_MPU_ConfigRegion                   0x08000578   Section        0  .\obj\stm32f7xx_hal_cortex.o(i.HAL_MPU_ConfigRegion)
    i.HAL_MPU_Disable                        0x080005d4   Section        0  .\obj\stm32f7xx_hal_cortex.o(i.HAL_MPU_Disable)
    i.HAL_MPU_Enable                         0x08000600   Section        0  .\obj\stm32f7xx_hal_cortex.o(i.HAL_MPU_Enable)
    i.HAL_MspInit                            0x08000640   Section        0  .\obj\stm32f7xx_hal_msp.o(i.HAL_MspInit)
    i.HAL_NVIC_SetPriority                   0x08000642   Section        0  .\obj\stm32f7xx_hal_cortex.o(i.HAL_NVIC_SetPriority)
    i.HAL_NVIC_SetPriorityGrouping           0x080006c0   Section        0  .\obj\stm32f7xx_hal_cortex.o(i.HAL_NVIC_SetPriorityGrouping)
    i.HAL_PWREx_EnableOverDrive              0x080006e8   Section        0  .\obj\stm32f7xx_hal_pwr_ex.o(i.HAL_PWREx_EnableOverDrive)
    i.HAL_RCC_ClockConfig                    0x08000778   Section        0  .\obj\stm32f7xx_hal_rcc.o(i.HAL_RCC_ClockConfig)
    i.HAL_RCC_GetSysClockFreq                0x0800092c   Section        0  .\obj\stm32f7xx_hal_rcc.o(i.HAL_RCC_GetSysClockFreq)
    i.HAL_RCC_OscConfig                      0x080009e0   Section        0  .\obj\stm32f7xx_hal_rcc.o(i.HAL_RCC_OscConfig)
    i.HAL_SYSTICK_Config                     0x08000ed8   Section        0  .\obj\stm32f7xx_hal_cortex.o(i.HAL_SYSTICK_Config)
    i.HardFault_Handler                      0x08000f0c   Section        0  .\obj\stm32f7xx_it.o(i.HardFault_Handler)
    i.MPU_Config                             0x08000f10   Section        0  .\obj\main.o(i.MPU_Config)
    MPU_Config                               0x08000f11   Thumb Code    76  .\obj\main.o(i.MPU_Config)
    i.MemManage_Handler                      0x08000f60   Section        0  .\obj\stm32f7xx_it.o(i.MemManage_Handler)
    i.NMI_Handler                            0x08000f64   Section        0  .\obj\stm32f7xx_it.o(i.NMI_Handler)
    i.NVIC_GetPriorityGrouping               0x08000f68   Section        0  .\obj\stm32f7xx_hal_cortex.o(i.NVIC_GetPriorityGrouping)
    NVIC_GetPriorityGrouping                 0x08000f69   Thumb Code    10  .\obj\stm32f7xx_hal_cortex.o(i.NVIC_GetPriorityGrouping)
    i.NVIC_SetPriority                       0x08000f78   Section        0  .\obj\stm32f7xx_hal_cortex.o(i.NVIC_SetPriority)
    NVIC_SetPriority                         0x08000f79   Thumb Code    32  .\obj\stm32f7xx_hal_cortex.o(i.NVIC_SetPriority)
    i.PendSV_Handler                         0x08000fa0   Section        0  .\obj\stm32f7xx_it.o(i.PendSV_Handler)
    i.SCB_EnableDCache                       0x08000fa4   Section        0  .\obj\main.o(i.SCB_EnableDCache)
    SCB_EnableDCache                         0x08000fa5   Thumb Code   148  .\obj\main.o(i.SCB_EnableDCache)
    i.SVC_Handler                            0x08001040   Section        0  .\obj\stm32f7xx_it.o(i.SVC_Handler)
    i.SysTick_Handler                        0x08001042   Section        0  .\obj\stm32f7xx_it.o(i.SysTick_Handler)
    i.SystemClock_Config                     0x0800104c   Section        0  .\obj\main.o(i.SystemClock_Config)
    SystemClock_Config                       0x0800104d   Thumb Code   170  .\obj\main.o(i.SystemClock_Config)
    i.SystemInit                             0x08001100   Section        0  .\obj\system_stm32f7xx.o(i.SystemInit)
    i.UsageFault_Handler                     0x08001164   Section        0  .\obj\stm32f7xx_it.o(i.UsageFault_Handler)
    i.__scatterload_copy                     0x08001168   Section       14  C:\Keil_v5\ARM\ARMCC\Bin\..\lib\armlib\mc_w.l(handlers.o)(i.__scatterload_copy)
    i.__scatterload_null                     0x08001176   Section        2  C:\Keil_v5\ARM\ARMCC\Bin\..\lib\armlib\mc_w.l(handlers.o)(i.__scatterload_null)
    i.__scatterload_zeroinit                 0x08001178   Section       14  C:\Keil_v5\ARM\ARMCC\Bin\..\lib\armlib\mc_w.l(handlers.o)(i.__scatterload_zeroinit)
    i.main                                   0x08001188   Section        0  .\obj\main.o(i.main)
    .constdata                               0x0800120c   Section       24  .\obj\system_stm32f7xx.o(.constdata)
    .data                                    0x20020000   Section        4  .\obj\stm32f7xx_hal.o(.data)
    .data                                    0x20020004   Section        4  .\obj\system_stm32f7xx.o(.data)
    STACK                                    0x20020008   Section     1024  .\obj\startup_stm32f767xx.o(STACK)

    Global Symbols

    Symbol Name                              Value     Ov Type        Size  Object(Section)

    BuildAttributes$$THM_ISAv4$E$P$D$K$B$S$7EM$VFPv5_D16$PE$PLD8$A:L22UL41UL21$X:L11$S22US41US21$IEEE1$IW$USESV6$~STKCKD$USESV7$~SHL$OSPACE$EBA8$MICROLIB$REQ8$PRES8$EABIv2 0x00000000   Number         0  anon$$obj.o ABSOLUTE
    __ARM_use_no_argv                        0x00000000   Number         0  .\obj\main.o ABSOLUTE
    __cpp_initialize__aeabi_                  - Undefined Weak Reference
    __cxa_finalize                            - Undefined Weak Reference
    __decompress                              - Undefined Weak Reference
    _clock_init                               - Undefined Weak Reference
    _microlib_exit                            - Undefined Weak Reference
    __Vectors_Size                           0x000001f8   Number         0  .\obj\startup_stm32f767xx.o ABSOLUTE
    __Vectors                                0x08000000   Data           4  .\obj\startup_stm32f767xx.o(RESET)
    __Vectors_End                            0x080001f8   Data           0  .\obj\startup_stm32f767xx.o(RESET)
    __main                                   0x080001f9   Thumb Code     0  C:\Keil_v5\ARM\ARMCC\Bin\..\lib\armlib\mc_w.l(entry.o)(.ARM.Collect$$$$00000000)
    _main_stk                                0x080001f9   Thumb Code     0  C:\Keil_v5\ARM\ARMCC\Bin\..\lib\armlib\mc_w.l(entry2.o)(.ARM.Collect$$$$00000001)
    _main_scatterload                        0x080001fd   Thumb Code     0  C:\Keil_v5\ARM\ARMCC\Bin\..\lib\armlib\mc_w.l(entry5.o)(.ARM.Collect$$$$00000004)
    __main_after_scatterload                 0x08000201   Thumb Code     0  C:\Keil_v5\ARM\ARMCC\Bin\..\lib\armlib\mc_w.l(entry5.o)(.ARM.Collect$$$$00000004)
    _main_clock                              0x08000201   Thumb Code     0  C:\Keil_v5\ARM\ARMCC\Bin\..\lib\armlib\mc_w.l(entry7b.o)(.ARM.Collect$$$$00000008)
    _main_cpp_init                           0x08000201   Thumb Code     0  C:\Keil_v5\ARM\ARMCC\Bin\..\lib\armlib\mc_w.l(entry8b.o)(.ARM.Collect$$$$0000000A)
    _main_init                               0x08000201   Thumb Code     0  C:\Keil_v5\ARM\ARMCC\Bin\..\lib\armlib\mc_w.l(entry9a.o)(.ARM.Collect$$$$0000000B)
    __rt_final_cpp                           0x08000209   Thumb Code     0  C:\Keil_v5\ARM\ARMCC\Bin\..\lib\armlib\mc_w.l(entry10a.o)(.ARM.Collect$$$$0000000D)
    __rt_final_exit                          0x08000209   Thumb Code     0  C:\Keil_v5\ARM\ARMCC\Bin\..\lib\armlib\mc_w.l(entry11a.o)(.ARM.Collect$$$$0000000F)
    Reset_Handler                            0x0800020d   Thumb Code     8  .\obj\startup_stm32f767xx.o(.text)
    ADC_IRQHandler                           0x08000227   Thumb Code     0  .\obj\startup_stm32f767xx.o(.text)
    CAN1_RX0_IRQHandler                      0x08000227   Thumb Code     0  .\obj\startup_stm32f767xx.o(.text)
    CAN1_RX1_IRQHandler                      0x08000227   Thumb Code     0  .\obj\startup_stm32f767xx.o(.text)
    CAN1_SCE_IRQHandler                      0x08000227   Thumb Code     0  .\obj\startup_stm32f767xx.o(.text)
    CAN1_TX_IRQHandler                       0x08000227   Thumb Code     0  .\obj\startup_stm32f767xx.o(.text)
    CAN2_RX0_IRQHandler                      0x08000227   Thumb Code     0  .\obj\startup_stm32f767xx.o(.text)
    CAN2_RX1_IRQHandler                      0x08000227   Thumb Code     0  .\obj\startup_stm32f767xx.o(.text)
    CAN2_SCE_IRQHandler                      0x08000227   Thumb Code     0  .\obj\startup_stm32f767xx.o(.text)
    CAN2_TX_IRQHandler                       0x08000227   Thumb Code     0  .\obj\startup_stm32f767xx.o(.text)
    CAN3_RX0_IRQHandler                      0x08000227   Thumb Code     0  .\obj\startup_stm32f767xx.o(.text)
    CAN3_RX1_IRQHandler                      0x08000227   Thumb Code     0  .\obj\startup_stm32f767xx.o(.text)
    CAN3_SCE_IRQHandler                      0x08000227   Thumb Code     0  .\obj\startup_stm32f767xx.o(.text)
    CAN3_TX_IRQHandler                       0x08000227   Thumb Code     0  .\obj\startup_stm32f767xx.o(.text)
    CEC_IRQHandler                           0x08000227   Thumb Code     0  .\obj\startup_stm32f767xx.o(.text)
    DCMI_IRQHandler                          0x08000227   Thumb Code     0  .\obj\startup_stm32f767xx.o(.text)
    DFSDM1_FLT0_IRQHandler                   0x08000227   Thumb Code     0  .\obj\startup_stm32f767xx.o(.text)
    DFSDM1_FLT1_IRQHandler                   0x08000227   Thumb Code     0  .\obj\startup_stm32f767xx.o(.text)
    DFSDM1_FLT2_IRQHandler                   0x08000227   Thumb Code     0  .\obj\startup_stm32f767xx.o(.text)
    DFSDM1_FLT3_IRQHandler                   0x08000227   Thumb Code     0  .\obj\startup_stm32f767xx.o(.text)
    DMA1_Stream0_IRQHandler                  0x08000227   Thumb Code     0  .\obj\startup_stm32f767xx.o(.text)
    DMA1_Stream1_IRQHandler                  0x08000227   Thumb Code     0  .\obj\startup_stm32f767xx.o(.text)
    DMA1_Stream2_IRQHandler                  0x08000227   Thumb Code     0  .\obj\startup_stm32f767xx.o(.text)
    DMA1_Stream3_IRQHandler                  0x08000227   Thumb Code     0  .\obj\startup_stm32f767xx.o(.text)
    DMA1_Stream4_IRQHandler                  0x08000227   Thumb Code     0  .\obj\startup_stm32f767xx.o(.text)
    DMA1_Stream5_IRQHandler                  0x08000227   Thumb Code     0  .\obj\startup_stm32f767xx.o(.text)
    DMA1_Stream6_IRQHandler                  0x08000227   Thumb Code     0  .\obj\startup_stm32f767xx.o(.text)
    DMA1_Stream7_IRQHandler                  0x08000227   Thumb Code     0  .\obj\startup_stm32f767xx.o(.text)
    DMA2D_IRQHandler                         0x08000227   Thumb Code     0  .\obj\startup_stm32f767xx.o(.text)
    DMA2_Stream0_IRQHandler                  0x08000227   Thumb Code     0  .\obj\startup_stm32f767xx.o(.text)
    DMA2_Stream1_IRQHandler                  0x08000227   Thumb Code     0  .\obj\startup_stm32f767xx.o(.text)
    DMA2_Stream2_IRQHandler                  0x08000227   Thumb Code     0  .\obj\startup_stm32f767xx.o(.text)
    DMA2_Stream3_IRQHandler                  0x08000227   Thumb Code     0  .\obj\startup_stm32f767xx.o(.text)
    DMA2_Stream4_IRQHandler                  0x08000227   Thumb Code     0  .\obj\startup_stm32f767xx.o(.text)
    DMA2_Stream5_IRQHandler                  0x08000227   Thumb Code     0  .\obj\startup_stm32f767xx.o(.text)
    DMA2_Stream6_IRQHandler                  0x08000227   Thumb Code     0  .\obj\startup_stm32f767xx.o(.text)
    DMA2_Stream7_IRQHandler                  0x08000227   Thumb Code     0  .\obj\startup_stm32f767xx.o(.text)
    ETH_IRQHandler                           0x08000227   Thumb Code     0  .\obj\startup_stm32f767xx.o(.text)
    ETH_WKUP_IRQHandler                      0x08000227   Thumb Code     0  .\obj\startup_stm32f767xx.o(.text)
    EXTI0_IRQHandler                         0x08000227   Thumb Code     0  .\obj\startup_stm32f767xx.o(.text)
    EXTI15_10_IRQHandler                     0x08000227   Thumb Code     0  .\obj\startup_stm32f767xx.o(.text)
    EXTI1_IRQHandler                         0x08000227   Thumb Code     0  .\obj\startup_stm32f767xx.o(.text)
    EXTI2_IRQHandler                         0x08000227   Thumb Code     0  .\obj\startup_stm32f767xx.o(.text)
    EXTI3_IRQHandler                         0x08000227   Thumb Code     0  .\obj\startup_stm32f767xx.o(.text)
    EXTI4_IRQHandler                         0x08000227   Thumb Code     0  .\obj\startup_stm32f767xx.o(.text)
    EXTI9_5_IRQHandler                       0x08000227   Thumb Code     0  .\obj\startup_stm32f767xx.o(.text)
    FLASH_IRQHandler                         0x08000227   Thumb Code     0  .\obj\startup_stm32f767xx.o(.text)
    FMC_IRQHandler                           0x08000227   Thumb Code     0  .\obj\startup_stm32f767xx.o(.text)
    FPU_IRQHandler                           0x08000227   Thumb Code     0  .\obj\startup_stm32f767xx.o(.text)
    I2C1_ER_IRQHandler                       0x08000227   Thumb Code     0  .\obj\startup_stm32f767xx.o(.text)
    I2C1_EV_IRQHandler                       0x08000227   Thumb Code     0  .\obj\startup_stm32f767xx.o(.text)
    I2C2_ER_IRQHandler                       0x08000227   Thumb Code     0  .\obj\startup_stm32f767xx.o(.text)
    I2C2_EV_IRQHandler                       0x08000227   Thumb Code     0  .\obj\startup_stm32f767xx.o(.text)
    I2C3_ER_IRQHandler                       0x08000227   Thumb Code     0  .\obj\startup_stm32f767xx.o(.text)
    I2C3_EV_IRQHandler                       0x08000227   Thumb Code     0  .\obj\startup_stm32f767xx.o(.text)
    I2C4_ER_IRQHandler                       0x08000227   Thumb Code     0  .\obj\startup_stm32f767xx.o(.text)
    I2C4_EV_IRQHandler                       0x08000227   Thumb Code     0  .\obj\startup_stm32f767xx.o(.text)
    JPEG_IRQHandler                          0x08000227   Thumb Code     0  .\obj\startup_stm32f767xx.o(.text)
    LPTIM1_IRQHandler                        0x08000227   Thumb Code     0  .\obj\startup_stm32f767xx.o(.text)
    LTDC_ER_IRQHandler                       0x08000227   Thumb Code     0  .\obj\startup_stm32f767xx.o(.text)
    LTDC_IRQHandler                          0x08000227   Thumb Code     0  .\obj\startup_stm32f767xx.o(.text)
    MDIOS_IRQHandler                         0x08000227   Thumb Code     0  .\obj\startup_stm32f767xx.o(.text)
    OTG_FS_IRQHandler                        0x08000227   Thumb Code     0  .\obj\startup_stm32f767xx.o(.text)
    OTG_FS_WKUP_IRQHandler                   0x08000227   Thumb Code     0  .\obj\startup_stm32f767xx.o(.text)
    OTG_HS_EP1_IN_IRQHandler                 0x08000227   Thumb Code     0  .\obj\startup_stm32f767xx.o(.text)
    OTG_HS_EP1_OUT_IRQHandler                0x08000227   Thumb Code     0  .\obj\startup_stm32f767xx.o(.text)
    OTG_HS_IRQHandler                        0x08000227   Thumb Code     0  .\obj\startup_stm32f767xx.o(.text)
    OTG_HS_WKUP_IRQHandler                   0x08000227   Thumb Code     0  .\obj\startup_stm32f767xx.o(.text)
    PVD_IRQHandler                           0x08000227   Thumb Code     0  .\obj\startup_stm32f767xx.o(.text)
    QUADSPI_IRQHandler                       0x08000227   Thumb Code     0  .\obj\startup_stm32f767xx.o(.text)
    RCC_IRQHandler                           0x08000227   Thumb Code     0  .\obj\startup_stm32f767xx.o(.text)
    RNG_IRQHandler                           0x08000227   Thumb Code     0  .\obj\startup_stm32f767xx.o(.text)
    RTC_Alarm_IRQHandler                     0x08000227   Thumb Code     0  .\obj\startup_stm32f767xx.o(.text)
    RTC_WKUP_IRQHandler                      0x08000227   Thumb Code     0  .\obj\startup_stm32f767xx.o(.text)
    SAI1_IRQHandler                          0x08000227   Thumb Code     0  .\obj\startup_stm32f767xx.o(.text)
    SAI2_IRQHandler                          0x08000227   Thumb Code     0  .\obj\startup_stm32f767xx.o(.text)
    SDMMC1_IRQHandler                        0x08000227   Thumb Code     0  .\obj\startup_stm32f767xx.o(.text)
    SDMMC2_IRQHandler                        0x08000227   Thumb Code     0  .\obj\startup_stm32f767xx.o(.text)
    SPDIF_RX_IRQHandler                      0x08000227   Thumb Code     0  .\obj\startup_stm32f767xx.o(.text)
    SPI1_IRQHandler                          0x08000227   Thumb Code     0  .\obj\startup_stm32f767xx.o(.text)
    SPI2_IRQHandler                          0x08000227   Thumb Code     0  .\obj\startup_stm32f767xx.o(.text)
    SPI3_IRQHandler                          0x08000227   Thumb Code     0  .\obj\startup_stm32f767xx.o(.text)
    SPI4_IRQHandler                          0x08000227   Thumb Code     0  .\obj\startup_stm32f767xx.o(.text)
    SPI5_IRQHandler                          0x08000227   Thumb Code     0  .\obj\startup_stm32f767xx.o(.text)
    SPI6_IRQHandler                          0x08000227   Thumb Code     0  .\obj\startup_stm32f767xx.o(.text)
    TAMP_STAMP_IRQHandler                    0x08000227   Thumb Code     0  .\obj\startup_stm32f767xx.o(.text)
    TIM1_BRK_TIM9_IRQHandler                 0x08000227   Thumb Code     0  .\obj\startup_stm32f767xx.o(.text)
    TIM1_CC_IRQHandler                       0x08000227   Thumb Code     0  .\obj\startup_stm32f767xx.o(.text)
    TIM1_TRG_COM_TIM11_IRQHandler            0x08000227   Thumb Code     0  .\obj\startup_stm32f767xx.o(.text)
    TIM1_UP_TIM10_IRQHandler                 0x08000227   Thumb Code     0  .\obj\startup_stm32f767xx.o(.text)
    TIM2_IRQHandler                          0x08000227   Thumb Code     0  .\obj\startup_stm32f767xx.o(.text)
    TIM3_IRQHandler                          0x08000227   Thumb Code     0  .\obj\startup_stm32f767xx.o(.text)
    TIM4_IRQHandler                          0x08000227   Thumb Code     0  .\obj\startup_stm32f767xx.o(.text)
    TIM5_IRQHandler                          0x08000227   Thumb Code     0  .\obj\startup_stm32f767xx.o(.text)
    TIM6_DAC_IRQHandler                      0x08000227   Thumb Code     0  .\obj\startup_stm32f767xx.o(.text)
    TIM7_IRQHandler                          0x08000227   Thumb Code     0  .\obj\startup_stm32f767xx.o(.text)
    TIM8_BRK_TIM12_IRQHandler                0x08000227   Thumb Code     0  .\obj\startup_stm32f767xx.o(.text)
    TIM8_CC_IRQHandler                       0x08000227   Thumb Code     0  .\obj\startup_stm32f767xx.o(.text)
    TIM8_TRG_COM_TIM14_IRQHandler            0x08000227   Thumb Code     0  .\obj\startup_stm32f767xx.o(.text)
    TIM8_UP_TIM13_IRQHandler                 0x08000227   Thumb Code     0  .\obj\startup_stm32f767xx.o(.text)
    UART4_IRQHandler                         0x08000227   Thumb Code     0  .\obj\startup_stm32f767xx.o(.text)
    UART5_IRQHandler                         0x08000227   Thumb Code     0  .\obj\startup_stm32f767xx.o(.text)
    UART7_IRQHandler                         0x08000227   Thumb Code     0  .\obj\startup_stm32f767xx.o(.text)
    UART8_IRQHandler                         0x08000227   Thumb Code     0  .\obj\startup_stm32f767xx.o(.text)
    USART1_IRQHandler                        0x08000227   Thumb Code     0  .\obj\startup_stm32f767xx.o(.text)
    USART2_IRQHandler                        0x08000227   Thumb Code     0  .\obj\startup_stm32f767xx.o(.text)
    USART3_IRQHandler                        0x08000227   Thumb Code     0  .\obj\startup_stm32f767xx.o(.text)
    USART6_IRQHandler                        0x08000227   Thumb Code     0  .\obj\startup_stm32f767xx.o(.text)
    WWDG_IRQHandler                          0x08000227   Thumb Code     0  .\obj\startup_stm32f767xx.o(.text)
    __scatterload                            0x08000231   Thumb Code    28  C:\Keil_v5\ARM\ARMCC\Bin\..\lib\armlib\mc_w.l(init.o)(.text)
    __scatterload_rt2                        0x08000231   Thumb Code     0  C:\Keil_v5\ARM\ARMCC\Bin\..\lib\armlib\mc_w.l(init.o)(.text)
    BusFault_Handler                         0x08000255   Thumb Code     4  .\obj\stm32f7xx_it.o(i.BusFault_Handler)
    DebugMon_Handler                         0x080002c1   Thumb Code     2  .\obj\stm32f7xx_it.o(i.DebugMon_Handler)
    HAL_Delay                                0x080002c7   Thumb Code    26  .\obj\stm32f7xx_hal.o(i.HAL_Delay)
    HAL_GPIO_Init                            0x080002e1   Thumb Code   484  .\obj\stm32f7xx_hal_gpio.o(i.HAL_GPIO_Init)
    HAL_GPIO_TogglePin                       0x080004f9   Thumb Code     8  .\obj\stm32f7xx_hal_gpio.o(i.HAL_GPIO_TogglePin)
    HAL_GPIO_WritePin                        0x08000501   Thumb Code    12  .\obj\stm32f7xx_hal_gpio.o(i.HAL_GPIO_WritePin)
    HAL_GetTick                              0x0800050d   Thumb Code     6  .\obj\stm32f7xx_hal.o(i.HAL_GetTick)
    HAL_IncTick                              0x08000519   Thumb Code    12  .\obj\stm32f7xx_hal.o(i.HAL_IncTick)
    HAL_Init                                 0x08000529   Thumb Code    34  .\obj\stm32f7xx_hal.o(i.HAL_Init)
    HAL_InitTick                             0x08000551   Thumb Code    36  .\obj\stm32f7xx_hal.o(i.HAL_InitTick)
    HAL_MPU_ConfigRegion                     0x08000579   Thumb Code    88  .\obj\stm32f7xx_hal_cortex.o(i.HAL_MPU_ConfigRegion)
    HAL_MPU_Disable                          0x080005d5   Thumb Code    38  .\obj\stm32f7xx_hal_cortex.o(i.HAL_MPU_Disable)
    HAL_MPU_Enable                           0x08000601   Thumb Code    58  .\obj\stm32f7xx_hal_cortex.o(i.HAL_MPU_Enable)
    HAL_MspInit                              0x08000641   Thumb Code     2  .\obj\stm32f7xx_hal_msp.o(i.HAL_MspInit)
    HAL_NVIC_SetPriority                     0x08000643   Thumb Code   124  .\obj\stm32f7xx_hal_cortex.o(i.HAL_NVIC_SetPriority)
    HAL_NVIC_SetPriorityGrouping             0x080006c1   Thumb Code    32  .\obj\stm32f7xx_hal_cortex.o(i.HAL_NVIC_SetPriorityGrouping)
    HAL_PWREx_EnableOverDrive                0x080006e9   Thumb Code   136  .\obj\stm32f7xx_hal_pwr_ex.o(i.HAL_PWREx_EnableOverDrive)
    HAL_RCC_ClockConfig                      0x08000779   Thumb Code   420  .\obj\stm32f7xx_hal_rcc.o(i.HAL_RCC_ClockConfig)
    HAL_RCC_GetSysClockFreq                  0x0800092d   Thumb Code   168  .\obj\stm32f7xx_hal_rcc.o(i.HAL_RCC_GetSysClockFreq)
    HAL_RCC_OscConfig                        0x080009e1   Thumb Code  1266  .\obj\stm32f7xx_hal_rcc.o(i.HAL_RCC_OscConfig)
    HAL_SYSTICK_Config                       0x08000ed9   Thumb Code    52  .\obj\stm32f7xx_hal_cortex.o(i.HAL_SYSTICK_Config)
    HardFault_Handler                        0x08000f0d   Thumb Code     4  .\obj\stm32f7xx_it.o(i.HardFault_Handler)
    MemManage_Handler                        0x08000f61   Thumb Code     4  .\obj\stm32f7xx_it.o(i.MemManage_Handler)
    NMI_Handler                              0x08000f65   Thumb Code     2  .\obj\stm32f7xx_it.o(i.NMI_Handler)
    PendSV_Handler                           0x08000fa1   Thumb Code     2  .\obj\stm32f7xx_it.o(i.PendSV_Handler)
    SVC_Handler                              0x08001041   Thumb Code     2  .\obj\stm32f7xx_it.o(i.SVC_Handler)
    SysTick_Handler                          0x08001043   Thumb Code     8  .\obj\stm32f7xx_it.o(i.SysTick_Handler)
    SystemInit                               0x08001101   Thumb Code    82  .\obj\system_stm32f7xx.o(i.SystemInit)
    UsageFault_Handler                       0x08001165   Thumb Code     4  .\obj\stm32f7xx_it.o(i.UsageFault_Handler)
    __scatterload_copy                       0x08001169   Thumb Code    14  C:\Keil_v5\ARM\ARMCC\Bin\..\lib\armlib\mc_w.l(handlers.o)(i.__scatterload_copy)
    __scatterload_null                       0x08001177   Thumb Code     2  C:\Keil_v5\ARM\ARMCC\Bin\..\lib\armlib\mc_w.l(handlers.o)(i.__scatterload_null)
    __scatterload_zeroinit                   0x08001179   Thumb Code    14  C:\Keil_v5\ARM\ARMCC\Bin\..\lib\armlib\mc_w.l(handlers.o)(i.__scatterload_zeroinit)
    main                                     0x08001189   Thumb Code   122  .\obj\main.o(i.main)
    AHBPrescTable                            0x0800120c   Data          16  .\obj\system_stm32f7xx.o(.constdata)
    APBPrescTable                            0x0800121c   Data           8  .\obj\system_stm32f7xx.o(.constdata)
    Region$$Table$$Base                      0x08001224   Number         0  anon$$obj.o(Region$$Table)
    Region$$Table$$Limit                     0x08001244   Number         0  anon$$obj.o(Region$$Table)
    uwTick                                   0x20020000   Data           4  .\obj\stm32f7xx_hal.o(.data)
    SystemCoreClock                          0x20020004   Data           4  .\obj\system_stm32f7xx.o(.data)
    __initial_sp                             0x20020408   Data           0  .\obj\startup_stm32f767xx.o(STACK)



==============================================================================

Memory Map of the image

  Image Entry point : 0x080001f9

  Load Region LR_IROM1 (Base: 0x08000000, Size: 0x0000124c, Max: 0x00200000, ABSOLUTE)

    Execution Region ER_IROM1 (Base: 0x08000000, Size: 0x00001244, Max: 0x00200000, ABSOLUTE)

    Base Addr    Size         Type   Attr      Idx    E Section Name        Object

    0x08000000   0x000001f8   Data   RO            3    RESET               .\obj\startup_stm32f767xx.o
    0x080001f8   0x00000000   Code   RO        11074  * .ARM.Collect$$$$00000000  C:\Keil_v5\ARM\ARMCC\Bin\..\lib\armlib\mc_w.l(entry.o)
    0x080001f8   0x00000004   Code   RO        11081    .ARM.Collect$$$$00000001  C:\Keil_v5\ARM\ARMCC\Bin\..\lib\armlib\mc_w.l(entry2.o)
    0x080001fc   0x00000004   Code   RO        11084    .ARM.Collect$$$$00000004  C:\Keil_v5\ARM\ARMCC\Bin\..\lib\armlib\mc_w.l(entry5.o)
    0x08000200   0x00000000   Code   RO        11086    .ARM.Collect$$$$00000008  C:\Keil_v5\ARM\ARMCC\Bin\..\lib\armlib\mc_w.l(entry7b.o)
    0x08000200   0x00000000   Code   RO        11088    .ARM.Collect$$$$0000000A  C:\Keil_v5\ARM\ARMCC\Bin\..\lib\armlib\mc_w.l(entry8b.o)
    0x08000200   0x00000008   Code   RO        11089    .ARM.Collect$$$$0000000B  C:\Keil_v5\ARM\ARMCC\Bin\..\lib\armlib\mc_w.l(entry9a.o)
    0x08000208   0x00000000   Code   RO        11091    .ARM.Collect$$$$0000000D  C:\Keil_v5\ARM\ARMCC\Bin\..\lib\armlib\mc_w.l(entry10a.o)
    0x08000208   0x00000000   Code   RO        11093    .ARM.Collect$$$$0000000F  C:\Keil_v5\ARM\ARMCC\Bin\..\lib\armlib\mc_w.l(entry11a.o)
    0x08000208   0x00000004   Code   RO        11082    .ARM.Collect$$$$00002712  C:\Keil_v5\ARM\ARMCC\Bin\..\lib\armlib\mc_w.l(entry2.o)
    0x0800020c   0x00000024   Code   RO            4    .text               .\obj\startup_stm32f767xx.o
    0x08000230   0x00000024   Code   RO        11095    .text               C:\Keil_v5\ARM\ARMCC\Bin\..\lib\armlib\mc_w.l(init.o)
    0x08000254   0x00000004   Code   RO        10771    i.BusFault_Handler  .\obj\stm32f7xx_it.o
    0x08000258   0x00000068   Code   RO        10682    i.CPU_CACHE_Enable  .\obj\main.o
    0x080002c0   0x00000002   Code   RO        10772    i.DebugMon_Handler  .\obj\stm32f7xx_it.o
    0x080002c2   0x00000004   Code   RO        10683    i.Error_Handler     .\obj\main.o
    0x080002c6   0x0000001a   Code   RO           20    i.HAL_Delay         .\obj\stm32f7xx_hal.o
    0x080002e0   0x00000218   Code   RO         2794    i.HAL_GPIO_Init     .\obj\stm32f7xx_hal_gpio.o
    0x080004f8   0x00000008   Code   RO         2797    i.HAL_GPIO_TogglePin  .\obj\stm32f7xx_hal_gpio.o
    0x08000500   0x0000000c   Code   RO         2798    i.HAL_GPIO_WritePin  .\obj\stm32f7xx_hal_gpio.o
    0x0800050c   0x0000000c   Code   RO           30    i.HAL_GetTick       .\obj\stm32f7xx_hal.o
    0x08000518   0x00000010   Code   RO           31    i.HAL_IncTick       .\obj\stm32f7xx_hal.o
    0x08000528   0x00000028   Code   RO           32    i.HAL_Init          .\obj\stm32f7xx_hal.o
    0x08000550   0x00000028   Code   RO           33    i.HAL_InitTick      .\obj\stm32f7xx_hal.o
    0x08000578   0x0000005c   Code   RO          917    i.HAL_MPU_ConfigRegion  .\obj\stm32f7xx_hal_cortex.o
    0x080005d4   0x0000002c   Code   RO          918    i.HAL_MPU_Disable   .\obj\stm32f7xx_hal_cortex.o
    0x08000600   0x00000040   Code   RO          919    i.HAL_MPU_Enable    .\obj\stm32f7xx_hal_cortex.o
    0x08000640   0x00000002   Code   RO        10742    i.HAL_MspInit       .\obj\stm32f7xx_hal_msp.o
    0x08000642   0x0000007c   Code   RO          928    i.HAL_NVIC_SetPriority  .\obj\stm32f7xx_hal_cortex.o
    0x080006be   0x00000002   PAD
    0x080006c0   0x00000028   Code   RO          929    i.HAL_NVIC_SetPriorityGrouping  .\obj\stm32f7xx_hal_cortex.o
    0x080006e8   0x00000090   Code   RO         5708    i.HAL_PWREx_EnableOverDrive  .\obj\stm32f7xx_hal_pwr_ex.o
    0x08000778   0x000001b4   Code   RO         6051    i.HAL_RCC_ClockConfig  .\obj\stm32f7xx_hal_rcc.o
    0x0800092c   0x000000b4   Code   RO         6060    i.HAL_RCC_GetSysClockFreq  .\obj\stm32f7xx_hal_rcc.o
    0x080009e0   0x000004f8   Code   RO         6063    i.HAL_RCC_OscConfig  .\obj\stm32f7xx_hal_rcc.o
    0x08000ed8   0x00000034   Code   RO          933    i.HAL_SYSTICK_Config  .\obj\stm32f7xx_hal_cortex.o
    0x08000f0c   0x00000004   Code   RO        10773    i.HardFault_Handler  .\obj\stm32f7xx_it.o
    0x08000f10   0x00000050   Code   RO        10684    i.MPU_Config        .\obj\main.o
    0x08000f60   0x00000004   Code   RO        10774    i.MemManage_Handler  .\obj\stm32f7xx_it.o
    0x08000f64   0x00000002   Code   RO        10775    i.NMI_Handler       .\obj\stm32f7xx_it.o
    0x08000f66   0x00000002   PAD
    0x08000f68   0x00000010   Code   RO          935    i.NVIC_GetPriorityGrouping  .\obj\stm32f7xx_hal_cortex.o
    0x08000f78   0x00000028   Code   RO          936    i.NVIC_SetPriority  .\obj\stm32f7xx_hal_cortex.o
    0x08000fa0   0x00000002   Code   RO        10776    i.PendSV_Handler    .\obj\stm32f7xx_it.o
    0x08000fa2   0x00000002   PAD
    0x08000fa4   0x0000009c   Code   RO        10685    i.SCB_EnableDCache  .\obj\main.o
    0x08001040   0x00000002   Code   RO        10777    i.SVC_Handler       .\obj\stm32f7xx_it.o
    0x08001042   0x00000008   Code   RO        10778    i.SysTick_Handler   .\obj\stm32f7xx_it.o
    0x0800104a   0x00000002   PAD
    0x0800104c   0x000000b4   Code   RO        10686    i.SystemClock_Config  .\obj\main.o
    0x08001100   0x00000064   Code   RO        10847    i.SystemInit        .\obj\system_stm32f7xx.o
    0x08001164   0x00000004   Code   RO        10779    i.UsageFault_Handler  .\obj\stm32f7xx_it.o
    0x08001168   0x0000000e   Code   RO        11099    i.__scatterload_copy  C:\Keil_v5\ARM\ARMCC\Bin\..\lib\armlib\mc_w.l(handlers.o)
    0x08001176   0x00000002   Code   RO        11100    i.__scatterload_null  C:\Keil_v5\ARM\ARMCC\Bin\..\lib\armlib\mc_w.l(handlers.o)
    0x08001178   0x0000000e   Code   RO        11101    i.__scatterload_zeroinit  C:\Keil_v5\ARM\ARMCC\Bin\..\lib\armlib\mc_w.l(handlers.o)
    0x08001186   0x00000002   PAD
    0x08001188   0x00000084   Code   RO        10687    i.main              .\obj\main.o
    0x0800120c   0x00000018   Data   RO        10848    .constdata          .\obj\system_stm32f7xx.o
    0x08001224   0x00000020   Data   RO        11097    Region$$Table       anon$$obj.o


    Execution Region RW_IRAM1 (Base: 0x20020000, Size: 0x00000408, Max: 0x00060000, ABSOLUTE)

    Base Addr    Size         Type   Attr      Idx    E Section Name        Object

    0x20020000   0x00000004   Data   RW           38    .data               .\obj\stm32f7xx_hal.o
    0x20020004   0x00000004   Data   RW        10849    .data               .\obj\system_stm32f7xx.o
    0x20020008   0x00000400   Zero   RW            1    STACK               .\obj\startup_stm32f767xx.o


==============================================================================

Image component sizes


      Code (inc. data)   RO Data    RW Data    ZI Data      Debug   Object Name

       656         40          0          0          0      34974   .\obj\main.o
        36          8        504          0       1024        824   .\obj\startup_stm32f767xx.o
       134         20          0          4          0     792471   .\obj\stm32f7xx_hal.o
       472         38          0          0          0      36596   .\obj\stm32f7xx_hal_cortex.o
       556         52          0          0          0       2713   .\obj\stm32f7xx_hal_gpio.o
         2          0          0          0          0        430   .\obj\stm32f7xx_hal_msp.o
       144          8          0          0          0       1100   .\obj\stm32f7xx_hal_pwr_ex.o
      1888         42          0          0          0       3456   .\obj\stm32f7xx_hal_rcc.o
        32          0          0          0          0       3922   .\obj\stm32f7xx_it.o
       100         18         24          4          0       1055   .\obj\system_stm32f7xx.o

    ----------------------------------------------------------------------
      4028        226        560          8       1024     877541   Object Totals
         0          0         32          0          0          0   (incl. Generated)
         8          0          0          0          0          0   (incl. Padding)

    ----------------------------------------------------------------------

      Code (inc. data)   RO Data    RW Data    ZI Data      Debug   Library Member Name

         0          0          0          0          0          0   C:\Keil_v5\ARM\ARMCC\Bin\..\lib\armlib\mc_w.l(entry.o)
         0          0          0          0          0          0   C:\Keil_v5\ARM\ARMCC\Bin\..\lib\armlib\mc_w.l(entry10a.o)
         0          0          0          0          0          0   C:\Keil_v5\ARM\ARMCC\Bin\..\lib\armlib\mc_w.l(entry11a.o)
         8          4          0          0          0          0   C:\Keil_v5\ARM\ARMCC\Bin\..\lib\armlib\mc_w.l(entry2.o)
         4          0          0          0          0          0   C:\Keil_v5\ARM\ARMCC\Bin\..\lib\armlib\mc_w.l(entry5.o)
         0          0          0          0          0          0   C:\Keil_v5\ARM\ARMCC\Bin\..\lib\armlib\mc_w.l(entry7b.o)
         0          0          0          0          0          0   C:\Keil_v5\ARM\ARMCC\Bin\..\lib\armlib\mc_w.l(entry8b.o)
         8          4          0          0          0          0   C:\Keil_v5\ARM\ARMCC\Bin\..\lib\armlib\mc_w.l(entry9a.o)
        30          0          0          0          0          0   C:\Keil_v5\ARM\ARMCC\Bin\..\lib\armlib\mc_w.l(handlers.o)
        36          8          0          0          0         68   C:\Keil_v5\ARM\ARMCC\Bin\..\lib\armlib\mc_w.l(init.o)

    ----------------------------------------------------------------------
        88         16          0          0          0         68   Library Totals
         2          0          0          0          0          0   (incl. Padding)

    ----------------------------------------------------------------------

      Code (inc. data)   RO Data    RW Data    ZI Data      Debug   Library Name

        86         16          0          0          0         68   C:\Keil_v5\ARM\ARMCC\Bin\..\lib\armlib\mc_w.l

    ----------------------------------------------------------------------
        88         16          0          0          0         68   Library Totals

    ----------------------------------------------------------------------

==============================================================================


      Code (inc. data)   RO Data    RW Data    ZI Data      Debug   

      4116        242        560          8       1024     874613   Grand Totals
      4116        242        560          8       1024     874613   ELF Image Totals
      4116        242        560          8          0          0   ROM Totals

==============================================================================

    Total RO  Size (Code + RO Data)                 4676 (   4.57kB)
    Total RW  Size (RW Data + ZI Data)              1032 (   1.01kB)
    Total ROM Size (Code + RO Data + RW Data)       4684 (   4.57kB)

==============================================================================

